[*] Building minimal rootfs manually with toolchain...
[*] Copying host binaries...
[*] Copying compiler toolchain...
[*] Copying libc and libraries...
[*] Copying system headers...
[*] Copying library files...
[*] Compiling executor (static)...
executor.c: In function ‘executor_read_cgroup_cpu’:
executor.c:393:11: warning: unused variable ‘line’ [-Wunused-variable]
  393 |     char *line;
      |           ^~~~
executor.c: In function ‘executor_execute_with_timeout’:
executor.c:437:11: warning: unused variable ‘stdout_pipe’ [-Wunused-variable]
  437 |     FILE *stdout_pipe = NULL;
      |           ^~~~~~~~~~~
[*] Installing init script...
[*] Rootfs built successfully
[*] Creating initrd image...
.
./lib64
./lib64/ld-linux-x86-64.so.2
./lib64/libstdc++.so.6
./lib64/libc.so.6
./lib64/libgcc_s.so
./lib64/libm.so.6
./lib64/libstdc++exp.a
./lib64/libstdc++.a
./lib64/libgcc_s.so.1
./lib64/libstdc++fs.a
./lib64/libstdc++.so
./lib64/libgcc_s_asneeded.so
./lib64/libm.so
./lib64/libstdc++.so.6.0.35
./lib64/libstdc++.modules.json
./proc
./root
./dev
./sbin
./sbin/init
./sys
./bin
./bin/g++
./bin/sh
./bin/cc
./bin/make
./bin/nm
./bin/bash
./bin/gcc
./bin/c++
./etc
./etc/hostname
./etc/fstab
./mnt
./mnt/testdata
./usr
./usr/bin
./usr/include
./usr/include/unistd.h
./usr/include/stdio.h
./usr/include/sys
./usr/include/sys/socketvar.h
./usr/include/sys/gmon_out.h
./usr/include/sys/dir.h
./usr/include/sys/vfs.h
./usr/include/sys/sdt.h
./usr/include/sys/timerfd.h
./usr/include/sys/personality.h
./usr/include/sys/unistd.h
./usr/include/sys/vlimit.h
./usr/include/sys/sem.h
./usr/include/sys/prctl.h
./usr/include/sys/times.h
./usr/include/sys/pci.h
./usr/include/sys/acct.h
./usr/include/sys/reg.h
./usr/include/sys/fanotify.h
./usr/include/sys/pidfd.h
./usr/include/sys/platform
./usr/include/sys/platform/x86.h
./usr/include/sys/utsname.h
./usr/include/sys/mtio.h
./usr/include/sys/fsuid.h
./usr/include/sys/mount.h
./usr/include/sys/mman.h
./usr/include/sys/asoundlib.h
./usr/include/sys/sendfile.h
./usr/include/sys/random.h
./usr/include/sys/raw.h
./usr/include/sys/procfs.h
./usr/include/sys/io.h
./usr/include/sys/user.h
./usr/include/sys/syslog.h
./usr/include/sys/wait.h
./usr/include/sys/sysmacros.h
./usr/include/sys/types.h
./usr/include/sys/ptrace.h
./usr/include/sys/statvfs.h
./usr/include/sys/single_threaded.h
./usr/include/sys/inotify.h
./usr/include/sys/klog.h
./usr/include/sys/time.h
./usr/include/sys/eventfd.h
./usr/include/sys/poll.h
./usr/include/sys/ipc.h
./usr/include/sys/xattr.h
./usr/include/sys/ucontext.h
./usr/include/sys/select.h
./usr/include/sys/cdefs.h
./usr/include/sys/profil.h
./usr/include/sys/stat.h
./usr/include/sys/rseq.h
./usr/include/sys/reboot.h
./usr/include/sys/sdt-config.h
./usr/include/sys/timex.h
./usr/include/sys/signal.h
./usr/include/sys/quota.h
./usr/include/sys/gmon.h
./usr/include/sys/capability.h
./usr/include/sys/statfs.h
./usr/include/sys/ttydefaults.h
./usr/include/sys/ioctl.h
./usr/include/sys/un.h
./usr/include/sys/ttychars.h
./usr/include/sys/fcntl.h
./usr/include/sys/errno.h
./usr/include/sys/resource.h
./usr/include/sys/sysinfo.h
./usr/include/sys/elf.h
./usr/include/sys/timeb.h
./usr/include/sys/param.h
./usr/include/sys/signalfd.h
./usr/include/sys/psx_syscall.h
./usr/include/sys/msg.h
./usr/include/sys/kd.h
./usr/include/sys/auxv.h
./usr/include/sys/file.h
./usr/include/sys/vt.h
./usr/include/sys/termios.h
./usr/include/sys/soundcard.h
./usr/include/sys/swap.h
./usr/include/sys/syscall.h
./usr/include/sys/epoll.h
./usr/include/sys/shm.h
./usr/include/sys/vm86.h
./usr/include/sys/acl.h
./usr/include/sys/queue.h
./usr/include/sys/uio.h
./usr/include/sys/debugreg.h
./usr/include/sys/bitypes.h
./usr/include/sys/perm.h
./usr/include/sys/socket.h
./usr/include/bits
./usr/include/bits/waitflags.h
./usr/include/bits/unistd-decl.h
./usr/include/bits/stdio-ldbl.h
./usr/include/bits/flt-eval-method.h
./usr/include/bits/stab.def
./usr/include/bits/time64.h
./usr/include/bits/math-vector.h
./usr/include/bits/dirent.h
./usr/include/bits/mathcalls.h
./usr/include/bits/stdlib-bsearch.h
./usr/include/bits/timerfd.h
./usr/include/bits/pthread_stack_min.h
./usr/include/bits/fcntl-linux.h
./usr/include/bits/getopt_ext.h
./usr/include/bits/atomic_wide_counter.h
./usr/include/bits/termios-c_lflag.h
./usr/include/bits/unistd.h
./usr/include/bits/netdb.h
./usr/include/bits/termios-struct.h
./usr/include/bits/sem.h
./usr/include/bits/spawn_ext.h
./usr/include/bits/stdio2-decl.h
./usr/include/bits/unistd_ext.h
./usr/include/bits/fcntl2.h
./usr/include/bits/iscanonical.h
./usr/include/bits/procfs-extra.h
./usr/include/bits/statx.h
./usr/include/bits/signal_ext.h
./usr/include/bits/mman-shared.h
./usr/include/bits/strings_fortified.h
./usr/include/bits/monetary-ldbl.h
./usr/include/bits/platform
./usr/include/bits/platform/features.h
./usr/include/bits/platform/x86.h
./usr/include/bits/stdio.h
./usr/include/bits/utsname.h
./usr/include/bits/select-decl.h
./usr/include/bits/err-ldbl.h
./usr/include/bits/statx-generic.h
./usr/include/bits/syslog-path.h
./usr/include/bits/sigstack.h
./usr/include/bits/semaphore.h
./usr/include/bits/struct_rwlock.h
./usr/include/bits/sigevent-consts.h
./usr/include/bits/dlfcn.h
./usr/include/bits/initspin.h
./usr/include/bits/mman.h
./usr/include/bits/struct_stat_time64_helper.h
./usr/include/bits/inet-fortified-decl.h
./usr/include/bits/hwcap.h
./usr/include/bits/wctype-wchar.h
./usr/include/bits/posix2_lim.h
./usr/include/bits/mman-map-flags-generic.h
./usr/include/bits/termios-c_cc.h
./usr/include/bits/procfs.h
./usr/include/bits/mathcalls-macros.h
./usr/include/bits/in.h
./usr/include/bits/setjmp2.h
./usr/include/bits/fcntl-linux-fortify.h
./usr/include/bits/syslog.h
./usr/include/bits/wordsize.h
./usr/include/bits/mathcalls-narrow.h
./usr/include/bits/wchar2.h
./usr/include/bits/procfs-prregset.h
./usr/include/bits/fenv.h
./usr/include/bits/procfs-id.h
./usr/include/bits/error-ldbl.h
./usr/include/bits/sysmacros.h
./usr/include/bits/mathdef.h
./usr/include/bits/types.h
./usr/include/bits/a.out.h
./usr/include/bits/ss_flags.h
./usr/include/bits/termios-c_oflag.h
./usr/include/bits/endianness.h
./usr/include/bits/uio_lim.h
./usr/include/bits/statvfs.h
./usr/include/bits/inotify.h
./usr/include/bits/mqueue.h
./usr/include/bits/typesizes.h
./usr/include/bits/stdlib-ldbl.h
./usr/include/bits/xopen_lim.h
./usr/include/bits/pthreadtypes-arch.h
./usr/include/bits/confname.h
./usr/include/bits/sockaddr.h
./usr/include/bits/ipctypes.h
./usr/include/bits/termios-c_iflag.h
./usr/include/bits/time.h
./usr/include/bits/stdio2.h
./usr/include/bits/ipc-perm.h
./usr/include/bits/syslog-ldbl.h
./usr/include/bits/uio-ext.h
./usr/include/bits/locale.h
./usr/include/bits/eventfd.h
./usr/include/bits/openat2.h
./usr/include/bits/poll.h
./usr/include/bits/floatn-common.h
./usr/include/bits/stdint-intn.h
./usr/include/bits/struct_stat.h
./usr/include/bits/environments.h
./usr/include/bits/ipc.h
./usr/include/bits/stdint-uintn.h
./usr/include/bits/uintn-identity.h
./usr/include/bits/select.h
./usr/include/bits/printf-ldbl.h
./usr/include/bits/msq.h
./usr/include/bits/sched.h
./usr/include/bits/getopt_core.h
./usr/include/bits/stat.h
./usr/include/bits/byteswap.h
./usr/include/bits/waitstatus.h
./usr/include/bits/sigcontext.h
./usr/include/bits/rseq.h
./usr/include/bits/termios-c_cflag.h
./usr/include/bits/utmpx.h
./usr/include/bits/siginfo-consts-arch.h
./usr/include/bits/timex.h
./usr/include/bits/wchar.h
./usr/include/bits/mathcalls-helper-functions.h
./usr/include/bits/cmathcalls.h
./usr/include/bits/setjmp.h
./usr/include/bits/mqueue2.h
./usr/include/bits/siginfo-arch.h
./usr/include/bits/timesize.h
./usr/include/bits/elfclass.h
./usr/include/bits/statfs.h
./usr/include/bits/inet-fortified.h
./usr/include/bits/link.h
./usr/include/bits/endian.h
./usr/include/bits/pthreadtypes.h
./usr/include/bits/socket_type.h
./usr/include/bits/string_fortified.h
./usr/include/bits/types
./usr/include/bits/types/struct_msqid64_ds.h
./usr/include/bits/types/__locale_t.h
./usr/include/bits/types/error_t.h
./usr/include/bits/types/struct_statx.h
./usr/include/bits/types/struct_sched_param.h
./usr/include/bits/types/struct_shmid_ds.h
./usr/include/bits/types/clock_t.h
./usr/include/bits/types/struct___jmp_buf_tag.h
./usr/include/bits/types/wint_t.h
./usr/include/bits/types/struct_FILE.h
./usr/include/bits/types/struct_shmid64_ds_helper.h
./usr/include/bits/types/struct_timespec.h
./usr/include/bits/types/struct_itimerspec.h
./usr/include/bits/types/cookie_io_functions_t.h
./usr/include/bits/types/stack_t.h
./usr/include/bits/types/struct_rusage.h
./usr/include/bits/types/clockid_t.h
./usr/include/bits/types/siginfo_t.h
./usr/include/bits/types/struct_iovec.h
./usr/include/bits/types/struct_semid64_ds.h
./usr/include/bits/types/struct_tm.h
./usr/include/bits/types/struct_shmid64_ds.h
./usr/include/bits/types/struct_semid_ds.h
./usr/include/bits/types/__fpos64_t.h
./usr/include/bits/types/__FILE.h
./usr/include/bits/types/idtype_t.h
./usr/include/bits/types/sigval_t.h
./usr/include/bits/types/FILE.h
./usr/include/bits/types/struct_msqid64_ds_helper.h
./usr/include/bits/types/struct_osockaddr.h
./usr/include/bits/types/struct_statx_timestamp.h
./usr/include/bits/types/sigset_t.h
./usr/include/bits/types/struct_timeval.h
./usr/include/bits/types/__mbstate_t.h
./usr/include/bits/types/sig_atomic_t.h
./usr/include/bits/types/timer_t.h
./usr/include/bits/types/struct_timeb.h
./usr/include/bits/types/time_t.h
./usr/include/bits/types/struct_semid64_ds_helper.h
./usr/include/bits/types/__sigval_t.h
./usr/include/bits/types/once_flag.h
./usr/include/bits/types/res_state.h
./usr/include/bits/types/__fpos_t.h
./usr/include/bits/types/mbstate_t.h
./usr/include/bits/types/locale_t.h
./usr/include/bits/types/struct_sigstack.h
./usr/include/bits/types/struct_msqid_ds.h
./usr/include/bits/types/sigevent_t.h
./usr/include/bits/types/__sigset_t.h
./usr/include/bits/struct_mutex.h
./usr/include/bits/utmp.h
./usr/include/bits/indirect-return.h
./usr/include/bits/fcntl.h
./usr/include/bits/dl_find_object.h
./usr/include/bits/socket-constants.h
./usr/include/bits/errno.h
./usr/include/bits/syslog-decl.h
./usr/include/bits/floatn.h
./usr/include/bits/libc-header-start.h
./usr/include/bits/stdint-least.h
./usr/include/bits/resource.h
./usr/include/bits/mman-linux.h
./usr/include/bits/pthread_stack_min-dynamic.h
./usr/include/bits/fp-logb.h
./usr/include/bits/termios-cbaud.h
./usr/include/bits/libm-simd-decl-stubs.h
./usr/include/bits/cpu-set.h
./usr/include/bits/wchar2-decl.h
./usr/include/bits/stdio_lim.h
./usr/include/bits/param.h
./usr/include/bits/signalfd.h
./usr/include/bits/sigthread.h
./usr/include/bits/link_lavcurrent.h
./usr/include/bits/sigstksz.h
./usr/include/bits/error.h
./usr/include/bits/termios-baud.h
./usr/include/bits/wchar-ldbl.h
./usr/include/bits/posix_opt.h
./usr/include/bits/mman_ext.h
./usr/include/bits/select2.h
./usr/include/bits/termios.h
./usr/include/bits/posix1_lim.h
./usr/include/bits/local_lim.h
./usr/include/bits/fp-fast.h
./usr/include/bits/cloexec.h
./usr/include/bits/dirent_ext.h
./usr/include/bits/thread-shared-types.h
./usr/include/bits/long-double.h
./usr/include/bits/syscall.h
./usr/include/bits/sigaction.h
./usr/include/bits/socket2.h
./usr/include/bits/stdlib.h
./usr/include/bits/poll2.h
./usr/include/bits/epoll.h
./usr/include/bits/signum-generic.h
./usr/include/bits/ioctls.h
./usr/include/bits/shm.h
./usr/include/bits/shmlba.h
./usr/include/bits/stdlib-float.h
./usr/include/bits/signum-arch.h
./usr/include/bits/argp-ldbl.h
./usr/include/bits/ioctl-types.h
./usr/include/bits/termios-misc.h
./usr/include/bits/getopt_posix.h
./usr/include/bits/termios-tcflow.h
./usr/include/bits/siginfo-consts.h
./usr/include/bits/ptrace-shared.h
./usr/include/bits/socket.h
./usr/include/string.h
./usr/include/errno.h
./usr/include/stdlib.h
./usr/local
./usr/local/bin
./usr/local/bin/executor
./usr/share
./usr/share/man
./usr/share/man/man1
./usr/lib
./usr/lib/gcc
./usr/lib/gcc/x86_64-pc-linux-gnu
./usr/lib/gcc/x86_64-pc-linux-gnu/16.1.1
./usr/lib/gcc/x86_64-pc-linux-gnu/16.1.1/crtfastmath.o
./usr/lib/gcc/x86_64-pc-linux-gnu/16.1.1/crtprec32.o
./usr/lib/gcc/x86_64-pc-linux-gnu/16.1.1/crtbeginS.o
./usr/lib/gcc/x86_64-pc-linux-gnu/16.1.1/libgcov.a
./usr/lib/gcc/x86_64-pc-linux-gnu/16.1.1/cc1
./usr/lib/gcc/x86_64-pc-linux-gnu/16.1.1/cc1plus
./usr/lib/gcc/x86_64-pc-linux-gnu/16.1.1/install-tools
./usr/lib/gcc/x86_64-pc-linux-gnu/16.1.1/install-tools/mkinstalldirs
./usr/lib/gcc/x86_64-pc-linux-gnu/16.1.1/install-tools/gsyslimits.h
./usr/lib/gcc/x86_64-pc-linux-gnu/16.1.1/install-tools/mkheaders.conf
./usr/lib/gcc/x86_64-pc-linux-gnu/16.1.1/install-tools/macro_list
./usr/lib/gcc/x86_64-pc-linux-gnu/16.1.1/install-tools/include
./usr/lib/gcc/x86_64-pc-linux-gnu/16.1.1/install-tools/include/limits.h
./usr/lib/gcc/x86_64-pc-linux-gnu/16.1.1/install-tools/fixinc_list
./usr/lib/gcc/x86_64-pc-linux-gnu/16.1.1/collect2
./usr/lib/gcc/x86_64-pc-linux-gnu/16.1.1/include
./usr/lib/gcc/x86_64-pc-linux-gnu/16.1.1/include/shaintrin.h
./usr/lib/gcc/x86_64-pc-linux-gnu/16.1.1/include/avx512vp2intersectintrin.h
./usr/lib/gcc/x86_64-pc-linux-gnu/16.1.1/include/xsavesintrin.h
./usr/lib/gcc/x86_64-pc-linux-gnu/16.1.1/include/amxfp8intrin.h
./usr/lib/gcc/x86_64-pc-linux-gnu/16.1.1/include/prfchwintrin.h
./usr/lib/gcc/x86_64-pc-linux-gnu/16.1.1/include/pmmintrin.h
./usr/lib/gcc/x86_64-pc-linux-gnu/16.1.1/include/cpuid.h
./usr/lib/gcc/x86_64-pc-linux-gnu/16.1.1/include/sm4intrin.h
./usr/lib/gcc/x86_64-pc-linux-gnu/16.1.1/include/xmmintrin.h
./usr/lib/gcc/x86_64-pc-linux-gnu/16.1.1/include/movrsintrin.h
./usr/lib/gcc/x86_64-pc-linux-gnu/16.1.1/include/avx512vbmivlintrin.h
./usr/lib/gcc/x86_64-pc-linux-gnu/16.1.1/include/avx512bitalgintrin.h
./usr/lib/gcc/x86_64-pc-linux-gnu/16.1.1/include/avx512vp2intersectvlintrin.h
./usr/lib/gcc/x86_64-pc-linux-gnu/16.1.1/include/bmi2intrin.h
./usr/lib/gcc/x86_64-pc-linux-gnu/16.1.1/include/avx512cdintrin.h
./usr/lib/gcc/x86_64-pc-linux-gnu/16.1.1/include/pconfigintrin.h
./usr/lib/gcc/x86_64-pc-linux-gnu/16.1.1/include/avx512bmmintrin.h
./usr/lib/gcc/x86_64-pc-linux-gnu/16.1.1/include/fma4intrin.h
./usr/lib/gcc/x86_64-pc-linux-gnu/16.1.1/include/f16cintrin.h
./usr/lib/gcc/x86_64-pc-linux-gnu/16.1.1/include/pkuintrin.h
./usr/lib/gcc/x86_64-pc-linux-gnu/16.1.1/include/waitpkgintrin.h
./usr/lib/gcc/x86_64-pc-linux-gnu/16.1.1/include/syslimits.h
./usr/lib/gcc/x86_64-pc-linux-gnu/16.1.1/include/stddef.h
./usr/lib/gcc/x86_64-pc-linux-gnu/16.1.1/include/stdarg.h
./usr/lib/gcc/x86_64-pc-linux-gnu/16.1.1/include/avx512vlintrin.h
./usr/lib/gcc/x86_64-pc-linux-gnu/16.1.1/include/clflushoptintrin.h
./usr/lib/gcc/x86_64-pc-linux-gnu/16.1.1/include/cldemoteintrin.h
./usr/lib/gcc/x86_64-pc-linux-gnu/16.1.1/include/gfniintrin.h
./usr/lib/gcc/x86_64-pc-linux-gnu/16.1.1/include/avx512bitalgvlintrin.h
./usr/lib/gcc/x86_64-pc-linux-gnu/16.1.1/include/tbmintrin.h
./usr/lib/gcc/x86_64-pc-linux-gnu/16.1.1/include/amxfp16intrin.h
./usr/lib/gcc/x86_64-pc-linux-gnu/16.1.1/include/emmintrin.h
./usr/lib/gcc/x86_64-pc-linux-gnu/16.1.1/include/stdatomic.h
./usr/lib/gcc/x86_64-pc-linux-gnu/16.1.1/include/avx512vbmiintrin.h
./usr/lib/gcc/x86_64-pc-linux-gnu/16.1.1/include/avx512vbmi2intrin.h
./usr/lib/gcc/x86_64-pc-linux-gnu/16.1.1/include/avx512dqintrin.h
./usr/lib/gcc/x86_64-pc-linux-gnu/16.1.1/include/openacc.h
./usr/lib/gcc/x86_64-pc-linux-gnu/16.1.1/include/avx512bf16intrin.h
./usr/lib/gcc/x86_64-pc-linux-gnu/16.1.1/include/hresetintrin.h
./usr/lib/gcc/x86_64-pc-linux-gnu/16.1.1/include/limits.h
./usr/lib/gcc/x86_64-pc-linux-gnu/16.1.1/include/wmmintrin.h
./usr/lib/gcc/x86_64-pc-linux-gnu/16.1.1/include/mm_malloc.h
./usr/lib/gcc/x86_64-pc-linux-gnu/16.1.1/include/sanitizer
./usr/lib/gcc/x86_64-pc-linux-gnu/16.1.1/include/sanitizer/common_interface_defs.h
./usr/lib/gcc/x86_64-pc-linux-gnu/16.1.1/include/sanitizer/hwasan_interface.h
./usr/lib/gcc/x86_64-pc-linux-gnu/16.1.1/include/sanitizer/asan_interface.h
./usr/lib/gcc/x86_64-pc-linux-gnu/16.1.1/include/sanitizer/tsan_interface.h
./usr/lib/gcc/x86_64-pc-linux-gnu/16.1.1/include/sanitizer/lsan_interface.h
./usr/lib/gcc/x86_64-pc-linux-gnu/16.1.1/include/stdint.h
./usr/lib/gcc/x86_64-pc-linux-gnu/16.1.1/include/avx512vpopcntdqintrin.h
./usr/lib/gcc/x86_64-pc-linux-gnu/16.1.1/include/varargs.h
./usr/lib/gcc/x86_64-pc-linux-gnu/16.1.1/include/xsaveoptintrin.h
./usr/lib/gcc/x86_64-pc-linux-gnu/16.1.1/include/clwbintrin.h
./usr/lib/gcc/x86_64-pc-linux-gnu/16.1.1/include/usermsrintrin.h
./usr/lib/gcc/x86_64-pc-linux-gnu/16.1.1/include/xopintrin.h
./usr/lib/gcc/x86_64-pc-linux-gnu/16.1.1/include/amxcomplexintrin.h
./usr/lib/gcc/x86_64-pc-linux-gnu/16.1.1/include/stdcountof.h
./usr/lib/gcc/x86_64-pc-linux-gnu/16.1.1/include/tsxldtrkintrin.h
./usr/lib/gcc/x86_64-pc-linux-gnu/16.1.1/include/tmmintrin.h
./usr/lib/gcc/x86_64-pc-linux-gnu/16.1.1/include/stdint-gcc.h
./usr/lib/gcc/x86_64-pc-linux-gnu/16.1.1/include/ia32intrin.h
./usr/lib/gcc/x86_64-pc-linux-gnu/16.1.1/include/amxavx512intrin.h
./usr/lib/gcc/x86_64-pc-linux-gnu/16.1.1/include/avx512ifmaintrin.h
./usr/lib/gcc/x86_64-pc-linux-gnu/16.1.1/include/avx10_2bf16intrin.h
./usr/lib/gcc/x86_64-pc-linux-gnu/16.1.1/include/amxtf32intrin.h
./usr/lib/gcc/x86_64-pc-linux-gnu/16.1.1/include/cmpccxaddintrin.h
./usr/lib/gcc/x86_64-pc-linux-gnu/16.1.1/include/stdckdint.h
./usr/lib/gcc/x86_64-pc-linux-gnu/16.1.1/include/immintrin.h
./usr/lib/gcc/x86_64-pc-linux-gnu/16.1.1/include/lzcntintrin.h
./usr/lib/gcc/x86_64-pc-linux-gnu/16.1.1/include/stdnoreturn.h
./usr/lib/gcc/x86_64-pc-linux-gnu/16.1.1/include/avx10_2mediaintrin.h
./usr/lib/gcc/x86_64-pc-linux-gnu/16.1.1/include/avx512fintrin.h
./usr/lib/gcc/x86_64-pc-linux-gnu/16.1.1/include/smmintrin.h
./usr/lib/gcc/x86_64-pc-linux-gnu/16.1.1/include/fxsrintrin.h
./usr/lib/gcc/x86_64-pc-linux-gnu/16.1.1/include/avx512bwintrin.h
./usr/lib/gcc/x86_64-pc-linux-gnu/16.1.1/include/lwpintrin.h
./usr/lib/gcc/x86_64-pc-linux-gnu/16.1.1/include/mm3dnow.h
./usr/lib/gcc/x86_64-pc-linux-gnu/16.1.1/include/avx2intrin.h
./usr/lib/gcc/x86_64-pc-linux-gnu/16.1.1/include/raointintrin.h
./usr/lib/gcc/x86_64-pc-linux-gnu/16.1.1/include/sgxintrin.h
./usr/lib/gcc/x86_64-pc-linux-gnu/16.1.1/include/ammintrin.h
./usr/lib/gcc/x86_64-pc-linux-gnu/16.1.1/include/popcntintrin.h
./usr/lib/gcc/x86_64-pc-linux-gnu/16.1.1/include/mwaitxintrin.h
./usr/lib/gcc/x86_64-pc-linux-gnu/16.1.1/include/avx512vlbwintrin.h
./usr/lib/gcc/x86_64-pc-linux-gnu/16.1.1/include/prfchiintrin.h
./usr/lib/gcc/x86_64-pc-linux-gnu/16.1.1/include/mmintrin.h
./usr/lib/gcc/x86_64-pc-linux-gnu/16.1.1/include/amxmovrsintrin.h
./usr/lib/gcc/x86_64-pc-linux-gnu/16.1.1/include/amxint8intrin.h
./usr/lib/gcc/x86_64-pc-linux-gnu/16.1.1/include/avxintrin.h
./usr/lib/gcc/x86_64-pc-linux-gnu/16.1.1/include/rdseedintrin.h
./usr/lib/gcc/x86_64-pc-linux-gnu/16.1.1/include/nmmintrin.h
./usr/lib/gcc/x86_64-pc-linux-gnu/16.1.1/include/avx512fp16vlintrin.h
./usr/lib/gcc/x86_64-pc-linux-gnu/16.1.1/include/avx10_2satcvtintrin.h
./usr/lib/gcc/x86_64-pc-linux-gnu/16.1.1/include/x86intrin.h
./usr/lib/gcc/x86_64-pc-linux-gnu/16.1.1/include/avxneconvertintrin.h
./usr/lib/gcc/x86_64-pc-linux-gnu/16.1.1/include/avx10_2copyintrin.h
./usr/lib/gcc/x86_64-pc-linux-gnu/16.1.1/include/avx512bf16vlintrin.h
./usr/lib/gcc/x86_64-pc-linux-gnu/16.1.1/include/mwaitintrin.h
./usr/lib/gcc/x86_64-pc-linux-gnu/16.1.1/include/vpclmulqdqintrin.h
./usr/lib/gcc/x86_64-pc-linux-gnu/16.1.1/include/stdfix.h
./usr/lib/gcc/x86_64-pc-linux-gnu/16.1.1/include/avxvnniint16intrin.h
./usr/lib/gcc/x86_64-pc-linux-gnu/16.1.1/include/iso646.h
./usr/lib/gcc/x86_64-pc-linux-gnu/16.1.1/include/avx512vnnivlintrin.h
./usr/lib/gcc/x86_64-pc-linux-gnu/16.1.1/include/wbnoinvdintrin.h
./usr/lib/gcc/x86_64-pc-linux-gnu/16.1.1/include/avxvnniint8intrin.h
./usr/lib/gcc/x86_64-pc-linux-gnu/16.1.1/include/avx10_2convertintrin.h
./usr/lib/gcc/x86_64-pc-linux-gnu/16.1.1/include/serializeintrin.h
./usr/lib/gcc/x86_64-pc-linux-gnu/16.1.1/include/enqcmdintrin.h
./usr/lib/gcc/x86_64-pc-linux-gnu/16.1.1/include/avx512vldqintrin.h
./usr/lib/gcc/x86_64-pc-linux-gnu/16.1.1/include/avxvnniintrin.h
./usr/lib/gcc/x86_64-pc-linux-gnu/16.1.1/include/unwind.h
./usr/lib/gcc/x86_64-pc-linux-gnu/16.1.1/include/avx512bmmvlintrin.h
./usr/lib/gcc/x86_64-pc-linux-gnu/16.1.1/include/x86gprintrin.h
./usr/lib/gcc/x86_64-pc-linux-gnu/16.1.1/include/avxifmaintrin.h
./usr/lib/gcc/x86_64-pc-linux-gnu/16.1.1/include/avx512ifmavlintrin.h
./usr/lib/gcc/x86_64-pc-linux-gnu/16.1.1/include/avx10_2minmaxintrin.h
./usr/lib/gcc/x86_64-pc-linux-gnu/16.1.1/include/acc_prof.h
./usr/lib/gcc/x86_64-pc-linux-gnu/16.1.1/include/xsavecintrin.h
./usr/lib/gcc/x86_64-pc-linux-gnu/16.1.1/include/keylockerintrin.h
./usr/lib/gcc/x86_64-pc-linux-gnu/16.1.1/include/cet.h
./usr/lib/gcc/x86_64-pc-linux-gnu/16.1.1/include/bmmintrin.h
./usr/lib/gcc/x86_64-pc-linux-gnu/16.1.1/include/bmiintrin.h
./usr/lib/gcc/x86_64-pc-linux-gnu/16.1.1/include/quadmath_weak.h
./usr/lib/gcc/x86_64-pc-linux-gnu/16.1.1/include/gcov.h
./usr/lib/gcc/x86_64-pc-linux-gnu/16.1.1/include/avx512fp16intrin.h
./usr/lib/gcc/x86_64-pc-linux-gnu/16.1.1/include/omp.h
./usr/lib/gcc/x86_64-pc-linux-gnu/16.1.1/include/vaesintrin.h
./usr/lib/gcc/x86_64-pc-linux-gnu/16.1.1/include/sha512intrin.h
./usr/lib/gcc/x86_64-pc-linux-gnu/16.1.1/include/xsaveintrin.h
./usr/lib/gcc/x86_64-pc-linux-gnu/16.1.1/include/uintrintrin.h
./usr/lib/gcc/x86_64-pc-linux-gnu/16.1.1/include/stdbool.h
./usr/lib/gcc/x86_64-pc-linux-gnu/16.1.1/include/avx512vnniintrin.h
./usr/lib/gcc/x86_64-pc-linux-gnu/16.1.1/include/cetintrin.h
./usr/lib/gcc/x86_64-pc-linux-gnu/16.1.1/include/rtmintrin.h
./usr/lib/gcc/x86_64-pc-linux-gnu/16.1.1/include/cross-stdarg.h
./usr/lib/gcc/x86_64-pc-linux-gnu/16.1.1/include/amxtileintrin.h
./usr/lib/gcc/x86_64-pc-linux-gnu/16.1.1/include/float.h
./usr/lib/gcc/x86_64-pc-linux-gnu/16.1.1/include/amxbf16intrin.h
./usr/lib/gcc/x86_64-pc-linux-gnu/16.1.1/include/stdalign.h
./usr/lib/gcc/x86_64-pc-linux-gnu/16.1.1/include/adxintrin.h
./usr/lib/gcc/x86_64-pc-linux-gnu/16.1.1/include/avx512vpopcntdqvlintrin.h
./usr/lib/gcc/x86_64-pc-linux-gnu/16.1.1/include/fmaintrin.h
./usr/lib/gcc/x86_64-pc-linux-gnu/16.1.1/include/movdirintrin.h
./usr/lib/gcc/x86_64-pc-linux-gnu/16.1.1/include/sm3intrin.h
./usr/lib/gcc/x86_64-pc-linux-gnu/16.1.1/include/clzerointrin.h
./usr/lib/gcc/x86_64-pc-linux-gnu/16.1.1/include/avx512vbmi2vlintrin.h
./usr/lib/gcc/x86_64-pc-linux-gnu/16.1.1/include/xtestintrin.h
./usr/lib/gcc/x86_64-pc-linux-gnu/16.1.1/include/quadmath.h
./usr/lib/gcc/x86_64-pc-linux-gnu/16.1.1/crtprec64.o
./usr/lib/gcc/x86_64-pc-linux-gnu/16.1.1/32
./usr/lib/gcc/x86_64-pc-linux-gnu/16.1.1/32/crtfastmath.o
./usr/lib/gcc/x86_64-pc-linux-gnu/16.1.1/32/crtprec32.o
./usr/lib/gcc/x86_64-pc-linux-gnu/16.1.1/32/crtbeginS.o
./usr/lib/gcc/x86_64-pc-linux-gnu/16.1.1/32/libgcov.a
./usr/lib/gcc/x86_64-pc-linux-gnu/16.1.1/32/crtprec64.o
./usr/lib/gcc/x86_64-pc-linux-gnu/16.1.1/32/crtendS.o
./usr/lib/gcc/x86_64-pc-linux-gnu/16.1.1/32/crtend.o
./usr/lib/gcc/x86_64-pc-linux-gnu/16.1.1/32/libgcc.a
./usr/lib/gcc/x86_64-pc-linux-gnu/16.1.1/32/crtbeginT.o
./usr/lib/gcc/x86_64-pc-linux-gnu/16.1.1/32/crtbegin.o
./usr/lib/gcc/x86_64-pc-linux-gnu/16.1.1/32/crtprec80.o
./usr/lib/gcc/x86_64-pc-linux-gnu/16.1.1/32/libgcc_eh.a
./usr/lib/gcc/x86_64-pc-linux-gnu/16.1.1/crtendS.o
./usr/lib/gcc/x86_64-pc-linux-gnu/16.1.1/lto1
./usr/lib/gcc/x86_64-pc-linux-gnu/16.1.1/crtend.o
./usr/lib/gcc/x86_64-pc-linux-gnu/16.1.1/libgcc.a
./usr/lib/gcc/x86_64-pc-linux-gnu/16.1.1/crtbeginT.o
./usr/lib/gcc/x86_64-pc-linux-gnu/16.1.1/plugin
./usr/lib/gcc/x86_64-pc-linux-gnu/16.1.1/plugin/gengtype
./usr/lib/gcc/x86_64-pc-linux-gnu/16.1.1/plugin/libcc1plugin.so.0
./usr/lib/gcc/x86_64-pc-linux-gnu/16.1.1/plugin/libcc1plugin.so
./usr/lib/gcc/x86_64-pc-linux-gnu/16.1.1/plugin/libcp1plugin.so.0
./usr/lib/gcc/x86_64-pc-linux-gnu/16.1.1/plugin/include
./usr/lib/gcc/x86_64-pc-linux-gnu/16.1.1/plugin/include/cfganal.h
./usr/lib/gcc/x86_64-pc-linux-gnu/16.1.1/plugin/include/pretty-print-urlifier.h
./usr/lib/gcc/x86_64-pc-linux-gnu/16.1.1/plugin/include/vtable-verify.h
./usr/lib/gcc/x86_64-pc-linux-gnu/16.1.1/plugin/include/version.h
./usr/lib/gcc/x86_64-pc-linux-gnu/16.1.1/plugin/include/internal-fn.h
./usr/lib/gcc/x86_64-pc-linux-gnu/16.1.1/plugin/include/gimple-lower-bitint.h
./usr/lib/gcc/x86_64-pc-linux-gnu/16.1.1/plugin/include/insn-attr.h
./usr/lib/gcc/x86_64-pc-linux-gnu/16.1.1/plugin/include/gimple-range-fold.h
./usr/lib/gcc/x86_64-pc-linux-gnu/16.1.1/plugin/include/coverage.h
./usr/lib/gcc/x86_64-pc-linux-gnu/16.1.1/plugin/include/all-tree.def
./usr/lib/gcc/x86_64-pc-linux-gnu/16.1.1/plugin/include/tree.h
./usr/lib/gcc/x86_64-pc-linux-gnu/16.1.1/plugin/include/ipa-utils.h
./usr/lib/gcc/x86_64-pc-linux-gnu/16.1.1/plugin/include/gimple-predict.h
./usr/lib/gcc/x86_64-pc-linux-gnu/16.1.1/plugin/include/attr-callback.h
./usr/lib/gcc/x86_64-pc-linux-gnu/16.1.1/plugin/include/opts.h
./usr/lib/gcc/x86_64-pc-linux-gnu/16.1.1/plugin/include/m2
./usr/lib/gcc/x86_64-pc-linux-gnu/16.1.1/plugin/include/m2/m2-tree.def
./usr/lib/gcc/x86_64-pc-linux-gnu/16.1.1/plugin/include/gcc-urlifier.def
./usr/lib/gcc/x86_64-pc-linux-gnu/16.1.1/plugin/include/context.h
./usr/lib/gcc/x86_64-pc-linux-gnu/16.1.1/plugin/include/ipa-modref-tree.h
./usr/lib/gcc/x86_64-pc-linux-gnu/16.1.1/plugin/include/bversion.h
./usr/lib/gcc/x86_64-pc-linux-gnu/16.1.1/plugin/include/fixed-value.h
./usr/lib/gcc/x86_64-pc-linux-gnu/16.1.1/plugin/include/alias.h
./usr/lib/gcc/x86_64-pc-linux-gnu/16.1.1/plugin/include/common
./usr/lib/gcc/x86_64-pc-linux-gnu/16.1.1/plugin/include/common/config
./usr/lib/gcc/x86_64-pc-linux-gnu/16.1.1/plugin/include/common/config/i386
./usr/lib/gcc/x86_64-pc-linux-gnu/16.1.1/plugin/include/common/config/i386/i386-cpuinfo.h
./usr/lib/gcc/x86_64-pc-linux-gnu/16.1.1/plugin/include/cppbuiltin.h
./usr/lib/gcc/x86_64-pc-linux-gnu/16.1.1/plugin/include/gsstruct.def
./usr/lib/gcc/x86_64-pc-linux-gnu/16.1.1/plugin/include/tree-ssa-dce.h
./usr/lib/gcc/x86_64-pc-linux-gnu/16.1.1/plugin/include/tree-ssa-math-opts.h
./usr/lib/gcc/x86_64-pc-linux-gnu/16.1.1/plugin/include/gensupport.h
./usr/lib/gcc/x86_64-pc-linux-gnu/16.1.1/plugin/include/recog.h
./usr/lib/gcc/x86_64-pc-linux-gnu/16.1.1/plugin/include/tree-ssa-coalesce.h
./usr/lib/gcc/x86_64-pc-linux-gnu/16.1.1/plugin/include/tree-ssanames.h
./usr/lib/gcc/x86_64-pc-linux-gnu/16.1.1/plugin/include/gcc-symtab.h
./usr/lib/gcc/x86_64-pc-linux-gnu/16.1.1/plugin/include/array-traits.h
./usr/lib/gcc/x86_64-pc-linux-gnu/16.1.1/plugin/include/ipa-strub.h
./usr/lib/gcc/x86_64-pc-linux-gnu/16.1.1/plugin/include/topics
./usr/lib/gcc/x86_64-pc-linux-gnu/16.1.1/plugin/include/topics/pass-events.h
./usr/lib/gcc/x86_64-pc-linux-gnu/16.1.1/plugin/include/unique-argv.h
./usr/lib/gcc/x86_64-pc-linux-gnu/16.1.1/plugin/include/pex.h
./usr/lib/gcc/x86_64-pc-linux-gnu/16.1.1/plugin/include/rtl.h
./usr/lib/gcc/x86_64-pc-linux-gnu/16.1.1/plugin/include/ipa-param-manipulation.h
./usr/lib/gcc/x86_64-pc-linux-gnu/16.1.1/plugin/include/omp-simd-clone.h
./usr/lib/gcc/x86_64-pc-linux-gnu/16.1.1/plugin/include/pass-instances.def
./usr/lib/gcc/x86_64-pc-linux-gnu/16.1.1/plugin/include/optabs.def
./usr/lib/gcc/x86_64-pc-linux-gnu/16.1.1/plugin/include/ipa-prop.h
./usr/lib/gcc/x86_64-pc-linux-gnu/16.1.1/plugin/include/sparseset.h
./usr/lib/gcc/x86_64-pc-linux-gnu/16.1.1/plugin/include/dominance.h
./usr/lib/gcc/x86_64-pc-linux-gnu/16.1.1/plugin/include/gimple-iterator.h
./usr/lib/gcc/x86_64-pc-linux-gnu/16.1.1/plugin/include/realmpfr.h
./usr/lib/gcc/x86_64-pc-linux-gnu/16.1.1/plugin/include/gcov-counter.def
./usr/lib/gcc/x86_64-pc-linux-gnu/16.1.1/plugin/include/bitmap.h
./usr/lib/gcc/x86_64-pc-linux-gnu/16.1.1/plugin/include/ordered-hash-map.h
./usr/lib/gcc/x86_64-pc-linux-gnu/16.1.1/plugin/include/tree-ssa-reassoc.h
./usr/lib/gcc/x86_64-pc-linux-gnu/16.1.1/plugin/include/regcprop.h
./usr/lib/gcc/x86_64-pc-linux-gnu/16.1.1/plugin/include/file-prefix-map.h
./usr/lib/gcc/x86_64-pc-linux-gnu/16.1.1/plugin/include/target-globals.h
./usr/lib/gcc/x86_64-pc-linux-gnu/16.1.1/plugin/include/range-op-mixed.h
./usr/lib/gcc/x86_64-pc-linux-gnu/16.1.1/plugin/include/pass_manager.h
./usr/lib/gcc/x86_64-pc-linux-gnu/16.1.1/plugin/include/optinfo-emit-json.h
./usr/lib/gcc/x86_64-pc-linux-gnu/16.1.1/plugin/include/diagnostic-context-rich-location.h
./usr/lib/gcc/x86_64-pc-linux-gnu/16.1.1/plugin/include/shortest-paths.h
./usr/lib/gcc/x86_64-pc-linux-gnu/16.1.1/plugin/include/libfuncs.h
./usr/lib/gcc/x86_64-pc-linux-gnu/16.1.1/plugin/include/memory-block.h
./usr/lib/gcc/x86_64-pc-linux-gnu/16.1.1/plugin/include/flag-types.h
./usr/lib/gcc/x86_64-pc-linux-gnu/16.1.1/plugin/include/target.h
./usr/lib/gcc/x86_64-pc-linux-gnu/16.1.1/plugin/include/gcse-common.h
./usr/lib/gcc/x86_64-pc-linux-gnu/16.1.1/plugin/include/sese.h
./usr/lib/gcc/x86_64-pc-linux-gnu/16.1.1/plugin/include/iterator-utils.h
./usr/lib/gcc/x86_64-pc-linux-gnu/16.1.1/plugin/include/insn-config.h
./usr/lib/gcc/x86_64-pc-linux-gnu/16.1.1/plugin/include/range-op.h
./usr/lib/gcc/x86_64-pc-linux-gnu/16.1.1/plugin/include/tree-object-size.h
./usr/lib/gcc/x86_64-pc-linux-gnu/16.1.1/plugin/include/gsyslimits.h
./usr/lib/gcc/x86_64-pc-linux-gnu/16.1.1/plugin/include/selftest-json.h
./usr/lib/gcc/x86_64-pc-linux-gnu/16.1.1/plugin/include/explow.h
./usr/lib/gcc/x86_64-pc-linux-gnu/16.1.1/plugin/include/lra-int.h
./usr/lib/gcc/x86_64-pc-linux-gnu/16.1.1/plugin/include/xml.h
./usr/lib/gcc/x86_64-pc-linux-gnu/16.1.1/plugin/include/calls.h
./usr/lib/gcc/x86_64-pc-linux-gnu/16.1.1/plugin/include/selftest-rtl.h
./usr/lib/gcc/x86_64-pc-linux-gnu/16.1.1/plugin/include/omp-api.h
./usr/lib/gcc/x86_64-pc-linux-gnu/16.1.1/plugin/include/tree-core.h
./usr/lib/gcc/x86_64-pc-linux-gnu/16.1.1/plugin/include/tree-affine.h
./usr/lib/gcc/x86_64-pc-linux-gnu/16.1.1/plugin/include/gimple-fold.h
./usr/lib/gcc/x86_64-pc-linux-gnu/16.1.1/plugin/include/tree-pass.h
./usr/lib/gcc/x86_64-pc-linux-gnu/16.1.1/plugin/include/tree-ssa-loop.h
./usr/lib/gcc/x86_64-pc-linux-gnu/16.1.1/plugin/include/stringpool.h
./usr/lib/gcc/x86_64-pc-linux-gnu/16.1.1/plugin/include/xml-printer.h
./usr/lib/gcc/x86_64-pc-linux-gnu/16.1.1/plugin/include/regrename.h
./usr/lib/gcc/x86_64-pc-linux-gnu/16.1.1/plugin/include/d
./usr/lib/gcc/x86_64-pc-linux-gnu/16.1.1/plugin/include/d/d-tree.def
./usr/lib/gcc/x86_64-pc-linux-gnu/16.1.1/plugin/include/gimple-ssa-pta-constraints.h
./usr/lib/gcc/x86_64-pc-linux-gnu/16.1.1/plugin/include/glimits.h
./usr/lib/gcc/x86_64-pc-linux-gnu/16.1.1/plugin/include/substring-locations.h
./usr/lib/gcc/x86_64-pc-linux-gnu/16.1.1/plugin/include/pretty-print-format-impl.h
./usr/lib/gcc/x86_64-pc-linux-gnu/16.1.1/plugin/include/value-query.h
./usr/lib/gcc/x86_64-pc-linux-gnu/16.1.1/plugin/include/tree-ssa-ter.h
./usr/lib/gcc/x86_64-pc-linux-gnu/16.1.1/plugin/include/tree-cfg.h
./usr/lib/gcc/x86_64-pc-linux-gnu/16.1.1/plugin/include/sel-sched-dump.h
./usr/lib/gcc/x86_64-pc-linux-gnu/16.1.1/plugin/include/libiberty.h
./usr/lib/gcc/x86_64-pc-linux-gnu/16.1.1/plugin/include/lto-ltrans-cache.h
./usr/lib/gcc/x86_64-pc-linux-gnu/16.1.1/plugin/include/coretypes.h
./usr/lib/gcc/x86_64-pc-linux-gnu/16.1.1/plugin/include/gimple-range-cache.h
./usr/lib/gcc/x86_64-pc-linux-gnu/16.1.1/plugin/include/tree-parloops.h
./usr/lib/gcc/x86_64-pc-linux-gnu/16.1.1/plugin/include/asan.h
./usr/lib/gcc/x86_64-pc-linux-gnu/16.1.1/plugin/include/hierarchical_discriminator.h
./usr/lib/gcc/x86_64-pc-linux-gnu/16.1.1/plugin/include/tree-hasher.h
./usr/lib/gcc/x86_64-pc-linux-gnu/16.1.1/plugin/include/graphds.h
./usr/lib/gcc/x86_64-pc-linux-gnu/16.1.1/plugin/include/timevar.def
./usr/lib/gcc/x86_64-pc-linux-gnu/16.1.1/plugin/include/gimplify.h
./usr/lib/gcc/x86_64-pc-linux-gnu/16.1.1/plugin/include/cfgrtl.h
./usr/lib/gcc/x86_64-pc-linux-gnu/16.1.1/plugin/include/except.h
./usr/lib/gcc/x86_64-pc-linux-gnu/16.1.1/plugin/include/tree-sra.h
./usr/lib/gcc/x86_64-pc-linux-gnu/16.1.1/plugin/include/emit-rtl.h
./usr/lib/gcc/x86_64-pc-linux-gnu/16.1.1/plugin/include/hwint.h
./usr/lib/gcc/x86_64-pc-linux-gnu/16.1.1/plugin/include/gtype-desc.h
./usr/lib/gcc/x86_64-pc-linux-gnu/16.1.1/plugin/include/objc
./usr/lib/gcc/x86_64-pc-linux-gnu/16.1.1/plugin/include/objc/objc-tree.def
./usr/lib/gcc/x86_64-pc-linux-gnu/16.1.1/plugin/include/valtrack.h
./usr/lib/gcc/x86_64-pc-linux-gnu/16.1.1/plugin/include/dbgcnt.h
./usr/lib/gcc/x86_64-pc-linux-gnu/16.1.1/plugin/include/rtlanal.h
./usr/lib/gcc/x86_64-pc-linux-gnu/16.1.1/plugin/include/gomp-constants.h
./usr/lib/gcc/x86_64-pc-linux-gnu/16.1.1/plugin/include/tree-ssa-alias.h
./usr/lib/gcc/x86_64-pc-linux-gnu/16.1.1/plugin/include/tree-outof-ssa.h
./usr/lib/gcc/x86_64-pc-linux-gnu/16.1.1/plugin/include/auto-host.h
./usr/lib/gcc/x86_64-pc-linux-gnu/16.1.1/plugin/include/tree-diagnostic-sink-extensions.h
./usr/lib/gcc/x86_64-pc-linux-gnu/16.1.1/plugin/include/rtlhash.h
./usr/lib/gcc/x86_64-pc-linux-gnu/16.1.1/plugin/include/rich-location.h
./usr/lib/gcc/x86_64-pc-linux-gnu/16.1.1/plugin/include/prefix.h
./usr/lib/gcc/x86_64-pc-linux-gnu/16.1.1/plugin/include/text-range-label.h
./usr/lib/gcc/x86_64-pc-linux-gnu/16.1.1/plugin/include/ipa-ref.h
./usr/lib/gcc/x86_64-pc-linux-gnu/16.1.1/plugin/include/spellcheck-tree.h
./usr/lib/gcc/x86_64-pc-linux-gnu/16.1.1/plugin/include/gsyms.h
./usr/lib/gcc/x86_64-pc-linux-gnu/16.1.1/plugin/include/channels.h
./usr/lib/gcc/x86_64-pc-linux-gnu/16.1.1/plugin/include/run-rtl-passes.h
./usr/lib/gcc/x86_64-pc-linux-gnu/16.1.1/plugin/include/ubsan.h
./usr/lib/gcc/x86_64-pc-linux-gnu/16.1.1/plugin/include/tree-ssa-propagate.h
./usr/lib/gcc/x86_64-pc-linux-gnu/16.1.1/plugin/include/fold-const-call.h
./usr/lib/gcc/x86_64-pc-linux-gnu/16.1.1/plugin/include/gimple-array-bounds.h
./usr/lib/gcc/x86_64-pc-linux-gnu/16.1.1/plugin/include/gimplify_reg_info.h
./usr/lib/gcc/x86_64-pc-linux-gnu/16.1.1/plugin/include/pub-sub.h
./usr/lib/gcc/x86_64-pc-linux-gnu/16.1.1/plugin/include/output.h
./usr/lib/gcc/x86_64-pc-linux-gnu/16.1.1/plugin/include/cif-code.def
./usr/lib/gcc/x86_64-pc-linux-gnu/16.1.1/plugin/include/generic-match.h
./usr/lib/gcc/x86_64-pc-linux-gnu/16.1.1/plugin/include/gimple-expr.h
./usr/lib/gcc/x86_64-pc-linux-gnu/16.1.1/plugin/include/diagnostic-highlight-colors.h
./usr/lib/gcc/x86_64-pc-linux-gnu/16.1.1/plugin/include/gcc-rich-location.h
./usr/lib/gcc/x86_64-pc-linux-gnu/16.1.1/plugin/include/sel-sched.h
./usr/lib/gcc/x86_64-pc-linux-gnu/16.1.1/plugin/include/pair-fusion.h
./usr/lib/gcc/x86_64-pc-linux-gnu/16.1.1/plugin/include/omp-general.h
./usr/lib/gcc/x86_64-pc-linux-gnu/16.1.1/plugin/include/function-abi.h
./usr/lib/gcc/x86_64-pc-linux-gnu/16.1.1/plugin/include/stmt.h
./usr/lib/gcc/x86_64-pc-linux-gnu/16.1.1/plugin/include/ddg.h
./usr/lib/gcc/x86_64-pc-linux-gnu/16.1.1/plugin/include/sarif-spec-urls.def
./usr/lib/gcc/x86_64-pc-linux-gnu/16.1.1/plugin/include/range.h
./usr/lib/gcc/x86_64-pc-linux-gnu/16.1.1/plugin/include/gimple-range-gori.h
./usr/lib/gcc/x86_64-pc-linux-gnu/16.1.1/plugin/include/backend.h
./usr/lib/gcc/x86_64-pc-linux-gnu/16.1.1/plugin/include/diagnostics
./usr/lib/gcc/x86_64-pc-linux-gnu/16.1.1/plugin/include/diagnostics/state-graphs.h
./usr/lib/gcc/x86_64-pc-linux-gnu/16.1.1/plugin/include/diagnostics/logging.h
./usr/lib/gcc/x86_64-pc-linux-gnu/16.1.1/plugin/include/diagnostics/physical-location-maker.h
./usr/lib/gcc/x86_64-pc-linux-gnu/16.1.1/plugin/include/diagnostics/context.h
./usr/lib/gcc/x86_64-pc-linux-gnu/16.1.1/plugin/include/diagnostics/logical-locations.h
./usr/lib/gcc/x86_64-pc-linux-gnu/16.1.1/plugin/include/diagnostics/file-cache.h
./usr/lib/gcc/x86_64-pc-linux-gnu/16.1.1/plugin/include/diagnostics/digraphs.h
./usr/lib/gcc/x86_64-pc-linux-gnu/16.1.1/plugin/include/diagnostics/selftest-paths.h
./usr/lib/gcc/x86_64-pc-linux-gnu/16.1.1/plugin/include/diagnostics/context-options.h
./usr/lib/gcc/x86_64-pc-linux-gnu/16.1.1/plugin/include/diagnostics/macro-unwinding.h
./usr/lib/gcc/x86_64-pc-linux-gnu/16.1.1/plugin/include/diagnostics/diagram.h
./usr/lib/gcc/x86_64-pc-linux-gnu/16.1.1/plugin/include/diagnostics/column-options.h
./usr/lib/gcc/x86_64-pc-linux-gnu/16.1.1/plugin/include/diagnostics/output-spec.h
./usr/lib/gcc/x86_64-pc-linux-gnu/16.1.1/plugin/include/diagnostics/kinds.def
./usr/lib/gcc/x86_64-pc-linux-gnu/16.1.1/plugin/include/diagnostics/source-printing-effects.h
./usr/lib/gcc/x86_64-pc-linux-gnu/16.1.1/plugin/include/diagnostics/digraphs-to-dot.h
./usr/lib/gcc/x86_64-pc-linux-gnu/16.1.1/plugin/include/diagnostics/sarif-sink.h
./usr/lib/gcc/x86_64-pc-linux-gnu/16.1.1/plugin/include/diagnostics/diagnostics-selftests.h
./usr/lib/gcc/x86_64-pc-linux-gnu/16.1.1/plugin/include/diagnostics/kinds.h
./usr/lib/gcc/x86_64-pc-linux-gnu/16.1.1/plugin/include/diagnostics/metadata.h
./usr/lib/gcc/x86_64-pc-linux-gnu/16.1.1/plugin/include/diagnostics/text-sink.h
./usr/lib/gcc/x86_64-pc-linux-gnu/16.1.1/plugin/include/diagnostics/lazy-paths.h
./usr/lib/gcc/x86_64-pc-linux-gnu/16.1.1/plugin/include/diagnostics/option-id-manager.h
./usr/lib/gcc/x86_64-pc-linux-gnu/16.1.1/plugin/include/diagnostics/event-id.h
./usr/lib/gcc/x86_64-pc-linux-gnu/16.1.1/plugin/include/diagnostics/counters.h
./usr/lib/gcc/x86_64-pc-linux-gnu/16.1.1/plugin/include/diagnostics/paths.h
./usr/lib/gcc/x86_64-pc-linux-gnu/16.1.1/plugin/include/diagnostics/url.h
./usr/lib/gcc/x86_64-pc-linux-gnu/16.1.1/plugin/include/diagnostics/selftest-context.h
./usr/lib/gcc/x86_64-pc-linux-gnu/16.1.1/plugin/include/diagnostics/dumping.h
./usr/lib/gcc/x86_64-pc-linux-gnu/16.1.1/plugin/include/diagnostics/source-printing-options.h
./usr/lib/gcc/x86_64-pc-linux-gnu/16.1.1/plugin/include/diagnostics/output-file.h
./usr/lib/gcc/x86_64-pc-linux-gnu/16.1.1/plugin/include/diagnostics/client-data-hooks.h
./usr/lib/gcc/x86_64-pc-linux-gnu/16.1.1/plugin/include/diagnostics/option-id.h
./usr/lib/gcc/x86_64-pc-linux-gnu/16.1.1/plugin/include/diagnostics/diagnostic-info.h
./usr/lib/gcc/x86_64-pc-linux-gnu/16.1.1/plugin/include/diagnostics/html-sink.h
./usr/lib/gcc/x86_64-pc-linux-gnu/16.1.1/plugin/include/diagnostics/buffering.h
./usr/lib/gcc/x86_64-pc-linux-gnu/16.1.1/plugin/include/diagnostics/color.h
./usr/lib/gcc/x86_64-pc-linux-gnu/16.1.1/plugin/include/diagnostics/option-classifier.h
./usr/lib/gcc/x86_64-pc-linux-gnu/16.1.1/plugin/include/diagnostics/selftest-source-printing.h
./usr/lib/gcc/x86_64-pc-linux-gnu/16.1.1/plugin/include/diagnostics/changes.h
./usr/lib/gcc/x86_64-pc-linux-gnu/16.1.1/plugin/include/diagnostics/selftest-logical-locations.h
./usr/lib/gcc/x86_64-pc-linux-gnu/16.1.1/plugin/include/diagnostics/sink.h
./usr/lib/gcc/x86_64-pc-linux-gnu/16.1.1/plugin/include/selftest.h
./usr/lib/gcc/x86_64-pc-linux-gnu/16.1.1/plugin/include/hw-doloop.h
./usr/lib/gcc/x86_64-pc-linux-gnu/16.1.1/plugin/include/safe-ctype.h
./usr/lib/gcc/x86_64-pc-linux-gnu/16.1.1/plugin/include/insn-modes-inline.h
./usr/lib/gcc/x86_64-pc-linux-gnu/16.1.1/plugin/include/cfghooks.h
./usr/lib/gcc/x86_64-pc-linux-gnu/16.1.1/plugin/include/tristate.h
./usr/lib/gcc/x86_64-pc-linux-gnu/16.1.1/plugin/include/optinfo.h
./usr/lib/gcc/x86_64-pc-linux-gnu/16.1.1/plugin/include/varasm.h
./usr/lib/gcc/x86_64-pc-linux-gnu/16.1.1/plugin/include/target.def
./usr/lib/gcc/x86_64-pc-linux-gnu/16.1.1/plugin/include/tree-scalar-evolution.h
./usr/lib/gcc/x86_64-pc-linux-gnu/16.1.1/plugin/include/value-pointer-equiv.h
./usr/lib/gcc/x86_64-pc-linux-gnu/16.1.1/plugin/include/ansidecl.h
./usr/lib/gcc/x86_64-pc-linux-gnu/16.1.1/plugin/include/coroutine-builtins.def
./usr/lib/gcc/x86_64-pc-linux-gnu/16.1.1/plugin/include/tree-pretty-print.h
./usr/lib/gcc/x86_64-pc-linux-gnu/16.1.1/plugin/include/opt-problem.h
./usr/lib/gcc/x86_64-pc-linux-gnu/16.1.1/plugin/include/cpplib.h
./usr/lib/gcc/x86_64-pc-linux-gnu/16.1.1/plugin/include/insn-opinit.h
./usr/lib/gcc/x86_64-pc-linux-gnu/16.1.1/plugin/include/ira.h
./usr/lib/gcc/x86_64-pc-linux-gnu/16.1.1/plugin/include/hash-map.h
./usr/lib/gcc/x86_64-pc-linux-gnu/16.1.1/plugin/include/insn-constants.h
./usr/lib/gcc/x86_64-pc-linux-gnu/16.1.1/plugin/include/ada
./usr/lib/gcc/x86_64-pc-linux-gnu/16.1.1/plugin/include/ada/gcc-interface
./usr/lib/gcc/x86_64-pc-linux-gnu/16.1.1/plugin/include/ada/gcc-interface/ada-tree.def
./usr/lib/gcc/x86_64-pc-linux-gnu/16.1.1/plugin/include/toplev.h
./usr/lib/gcc/x86_64-pc-linux-gnu/16.1.1/plugin/include/targhooks.h
./usr/lib/gcc/x86_64-pc-linux-gnu/16.1.1/plugin/include/tree-dump.h
./usr/lib/gcc/x86_64-pc-linux-gnu/16.1.1/plugin/include/alloc-pool.h
./usr/lib/gcc/x86_64-pc-linux-gnu/16.1.1/plugin/include/builtin-types.def
./usr/lib/gcc/x86_64-pc-linux-gnu/16.1.1/plugin/include/dojump.h
./usr/lib/gcc/x86_64-pc-linux-gnu/16.1.1/plugin/include/hosthooks.h
./usr/lib/gcc/x86_64-pc-linux-gnu/16.1.1/plugin/include/tree-diagnostic.h
./usr/lib/gcc/x86_64-pc-linux-gnu/16.1.1/plugin/include/basic-block.h
./usr/lib/gcc/x86_64-pc-linux-gnu/16.1.1/plugin/include/tree-ssa-alias-compare.h
./usr/lib/gcc/x86_64-pc-linux-gnu/16.1.1/plugin/include/mux-utils.h
./usr/lib/gcc/x86_64-pc-linux-gnu/16.1.1/plugin/include/double-int.h
./usr/lib/gcc/x86_64-pc-linux-gnu/16.1.1/plugin/include/et-forest.h
./usr/lib/gcc/x86_64-pc-linux-gnu/16.1.1/plugin/include/tree-cfgcleanup.h
./usr/lib/gcc/x86_64-pc-linux-gnu/16.1.1/plugin/include/memmodel.h
./usr/lib/gcc/x86_64-pc-linux-gnu/16.1.1/plugin/include/inchash.h
./usr/lib/gcc/x86_64-pc-linux-gnu/16.1.1/plugin/include/ssa-iterators.h
./usr/lib/gcc/x86_64-pc-linux-gnu/16.1.1/plugin/include/dfp.h
./usr/lib/gcc/x86_64-pc-linux-gnu/16.1.1/plugin/include/tsan.h
./usr/lib/gcc/x86_64-pc-linux-gnu/16.1.1/plugin/include/line-map.h
./usr/lib/gcc/x86_64-pc-linux-gnu/16.1.1/plugin/include/profile-count.h
./usr/lib/gcc/x86_64-pc-linux-gnu/16.1.1/plugin/include/ira-int.h
./usr/lib/gcc/x86_64-pc-linux-gnu/16.1.1/plugin/include/splay-tree-utils.h
./usr/lib/gcc/x86_64-pc-linux-gnu/16.1.1/plugin/include/cfgloop.h
./usr/lib/gcc/x86_64-pc-linux-gnu/16.1.1/plugin/include/rtl-error.h
./usr/lib/gcc/x86_64-pc-linux-gnu/16.1.1/plugin/include/poly-int.h
./usr/lib/gcc/x86_64-pc-linux-gnu/16.1.1/plugin/include/tree-data-ref.h
./usr/lib/gcc/x86_64-pc-linux-gnu/16.1.1/plugin/include/vector-builder.h
./usr/lib/gcc/x86_64-pc-linux-gnu/16.1.1/plugin/include/conditions.h
./usr/lib/gcc/x86_64-pc-linux-gnu/16.1.1/plugin/include/ipa-reference.h
./usr/lib/gcc/x86_64-pc-linux-gnu/16.1.1/plugin/include/diagnostic-core.h
./usr/lib/gcc/x86_64-pc-linux-gnu/16.1.1/plugin/include/ifcvt.h
./usr/lib/gcc/x86_64-pc-linux-gnu/16.1.1/plugin/include/profile.h
./usr/lib/gcc/x86_64-pc-linux-gnu/16.1.1/plugin/include/limitx.h
./usr/lib/gcc/x86_64-pc-linux-gnu/16.1.1/plugin/include/tree-check.h
./usr/lib/gcc/x86_64-pc-linux-gnu/16.1.1/plugin/include/omp-builtins.def
./usr/lib/gcc/x86_64-pc-linux-gnu/16.1.1/plugin/include/tree-vectorizer.h
./usr/lib/gcc/x86_64-pc-linux-gnu/16.1.1/plugin/include/defaults.h
./usr/lib/gcc/x86_64-pc-linux-gnu/16.1.1/plugin/include/input.h
./usr/lib/gcc/x86_64-pc-linux-gnu/16.1.1/plugin/include/cfg-flags.def
./usr/lib/gcc/x86_64-pc-linux-gnu/16.1.1/plugin/include/escaped_string.h
./usr/lib/gcc/x86_64-pc-linux-gnu/16.1.1/plugin/include/tree-streamer.h
./usr/lib/gcc/x86_64-pc-linux-gnu/16.1.1/plugin/include/optabs-libfuncs.h
./usr/lib/gcc/x86_64-pc-linux-gnu/16.1.1/plugin/include/tm-preds.h
./usr/lib/gcc/x86_64-pc-linux-gnu/16.1.1/plugin/include/config.h
./usr/lib/gcc/x86_64-pc-linux-gnu/16.1.1/plugin/include/tree-vector-builder.h
./usr/lib/gcc/x86_64-pc-linux-gnu/16.1.1/plugin/include/lto-section-names.h
./usr/lib/gcc/x86_64-pc-linux-gnu/16.1.1/plugin/include/gtm-builtins.def
./usr/lib/gcc/x86_64-pc-linux-gnu/16.1.1/plugin/include/gcov-io.h
./usr/lib/gcc/x86_64-pc-linux-gnu/16.1.1/plugin/include/predict.h
./usr/lib/gcc/x86_64-pc-linux-gnu/16.1.1/plugin/include/treestruct.def
./usr/lib/gcc/x86_64-pc-linux-gnu/16.1.1/plugin/include/vec.h
./usr/lib/gcc/x86_64-pc-linux-gnu/16.1.1/plugin/include/expr.h
./usr/lib/gcc/x86_64-pc-linux-gnu/16.1.1/plugin/include/machmode.def
./usr/lib/gcc/x86_64-pc-linux-gnu/16.1.1/plugin/include/fold-const.h
./usr/lib/gcc/x86_64-pc-linux-gnu/16.1.1/plugin/include/gcc.h
./usr/lib/gcc/x86_64-pc-linux-gnu/16.1.1/plugin/include/tree-if-conv.h
./usr/lib/gcc/x86_64-pc-linux-gnu/16.1.1/plugin/include/attr-fnspec.h
./usr/lib/gcc/x86_64-pc-linux-gnu/16.1.1/plugin/include/c-family
./usr/lib/gcc/x86_64-pc-linux-gnu/16.1.1/plugin/include/c-family/c-pragma.h
./usr/lib/gcc/x86_64-pc-linux-gnu/16.1.1/plugin/include/c-family/c-pretty-print.h
./usr/lib/gcc/x86_64-pc-linux-gnu/16.1.1/plugin/include/c-family/c-common.h
./usr/lib/gcc/x86_64-pc-linux-gnu/16.1.1/plugin/include/c-family/c-common.def
./usr/lib/gcc/x86_64-pc-linux-gnu/16.1.1/plugin/include/c-family/c-objc.h
./usr/lib/gcc/x86_64-pc-linux-gnu/16.1.1/plugin/include/avoid-store-forwarding.h
./usr/lib/gcc/x86_64-pc-linux-gnu/16.1.1/plugin/include/rtl-iter.h
./usr/lib/gcc/x86_64-pc-linux-gnu/16.1.1/plugin/include/tree-ssa-ccp.h
./usr/lib/gcc/x86_64-pc-linux-gnu/16.1.1/plugin/include/crc-verification.h
./usr/lib/gcc/x86_64-pc-linux-gnu/16.1.1/plugin/include/sync-builtins.def
./usr/lib/gcc/x86_64-pc-linux-gnu/16.1.1/plugin/include/lockfile.h
./usr/lib/gcc/x86_64-pc-linux-gnu/16.1.1/plugin/include/tree-eh.h
./usr/lib/gcc/x86_64-pc-linux-gnu/16.1.1/plugin/include/tree-iterator.h
./usr/lib/gcc/x86_64-pc-linux-gnu/16.1.1/plugin/include/gcc-diagnostic-spec.h
./usr/lib/gcc/x86_64-pc-linux-gnu/16.1.1/plugin/include/rtx-vector-builder.h
./usr/lib/gcc/x86_64-pc-linux-gnu/16.1.1/plugin/include/loop-unroll.h
./usr/lib/gcc/x86_64-pc-linux-gnu/16.1.1/plugin/include/ssa.h
./usr/lib/gcc/x86_64-pc-linux-gnu/16.1.1/plugin/include/system.h
./usr/lib/gcc/x86_64-pc-linux-gnu/16.1.1/plugin/include/builtins.h
./usr/lib/gcc/x86_64-pc-linux-gnu/16.1.1/plugin/include/gimple.def
./usr/lib/gcc/x86_64-pc-linux-gnu/16.1.1/plugin/include/gimple-walk.h
./usr/lib/gcc/x86_64-pc-linux-gnu/16.1.1/plugin/include/lower-subreg.h
./usr/lib/gcc/x86_64-pc-linux-gnu/16.1.1/plugin/include/target-hooks-macros.h
./usr/lib/gcc/x86_64-pc-linux-gnu/16.1.1/plugin/include/timevar.h
./usr/lib/gcc/x86_64-pc-linux-gnu/16.1.1/plugin/include/stor-layout.h
./usr/lib/gcc/x86_64-pc-linux-gnu/16.1.1/plugin/include/tm.h
./usr/lib/gcc/x86_64-pc-linux-gnu/16.1.1/plugin/include/splay-tree.h
./usr/lib/gcc/x86_64-pc-linux-gnu/16.1.1/plugin/include/graph.h
./usr/lib/gcc/x86_64-pc-linux-gnu/16.1.1/plugin/include/dwarf2asm.h
./usr/lib/gcc/x86_64-pc-linux-gnu/16.1.1/plugin/include/text-art
./usr/lib/gcc/x86_64-pc-linux-gnu/16.1.1/plugin/include/text-art/dump.h
./usr/lib/gcc/x86_64-pc-linux-gnu/16.1.1/plugin/include/text-art/dump-widget-info.h
./usr/lib/gcc/x86_64-pc-linux-gnu/16.1.1/plugin/include/text-art/canvas.h
./usr/lib/gcc/x86_64-pc-linux-gnu/16.1.1/plugin/include/text-art/types.h
./usr/lib/gcc/x86_64-pc-linux-gnu/16.1.1/plugin/include/text-art/box-drawing.h
./usr/lib/gcc/x86_64-pc-linux-gnu/16.1.1/plugin/include/text-art/widget.h
./usr/lib/gcc/x86_64-pc-linux-gnu/16.1.1/plugin/include/text-art/tree-widget.h
./usr/lib/gcc/x86_64-pc-linux-gnu/16.1.1/plugin/include/text-art/ruler.h
./usr/lib/gcc/x86_64-pc-linux-gnu/16.1.1/plugin/include/text-art/table.h
./usr/lib/gcc/x86_64-pc-linux-gnu/16.1.1/plugin/include/text-art/theme.h
./usr/lib/gcc/x86_64-pc-linux-gnu/16.1.1/plugin/include/text-art/selftests.h
./usr/lib/gcc/x86_64-pc-linux-gnu/16.1.1/plugin/include/libgdiagnostics++.h
./usr/lib/gcc/x86_64-pc-linux-gnu/16.1.1/plugin/include/statistics.h
./usr/lib/gcc/x86_64-pc-linux-gnu/16.1.1/plugin/include/value-range-pretty-print.h
./usr/lib/gcc/x86_64-pc-linux-gnu/16.1.1/plugin/include/rtl.def
./usr/lib/gcc/x86_64-pc-linux-gnu/16.1.1/plugin/include/ccmp.h
./usr/lib/gcc/x86_64-pc-linux-gnu/16.1.1/plugin/include/lra.h
./usr/lib/gcc/x86_64-pc-linux-gnu/16.1.1/plugin/include/wide-int.h
./usr/lib/gcc/x86_64-pc-linux-gnu/16.1.1/plugin/include/domwalk.h
./usr/lib/gcc/x86_64-pc-linux-gnu/16.1.1/plugin/include/attr-urls.def
./usr/lib/gcc/x86_64-pc-linux-gnu/16.1.1/plugin/include/tree-ssa.h
./usr/lib/gcc/x86_64-pc-linux-gnu/16.1.1/plugin/include/mem-stats.h
./usr/lib/gcc/x86_64-pc-linux-gnu/16.1.1/plugin/include/spellcheck.h
./usr/lib/gcc/x86_64-pc-linux-gnu/16.1.1/plugin/include/gimplify-me.h
./usr/lib/gcc/x86_64-pc-linux-gnu/16.1.1/plugin/include/lto-streamer.h
./usr/lib/gcc/x86_64-pc-linux-gnu/16.1.1/plugin/include/addresses.h
./usr/lib/gcc/x86_64-pc-linux-gnu/16.1.1/plugin/include/tree-ssa-threadedge.h
./usr/lib/gcc/x86_64-pc-linux-gnu/16.1.1/plugin/include/tree-ssa-dom.h
./usr/lib/gcc/x86_64-pc-linux-gnu/16.1.1/plugin/include/hosthooks-def.h
./usr/lib/gcc/x86_64-pc-linux-gnu/16.1.1/plugin/include/reg-notes.def
./usr/lib/gcc/x86_64-pc-linux-gnu/16.1.1/plugin/include/configargs.h
./usr/lib/gcc/x86_64-pc-linux-gnu/16.1.1/plugin/include/plugin.h
./usr/lib/gcc/x86_64-pc-linux-gnu/16.1.1/plugin/include/tree-inline.h
./usr/lib/gcc/x86_64-pc-linux-gnu/16.1.1/plugin/include/errors.h
./usr/lib/gcc/x86_64-pc-linux-gnu/16.1.1/plugin/include/gimple-range-op.h
./usr/lib/gcc/x86_64-pc-linux-gnu/16.1.1/plugin/include/cfgcleanup.h
./usr/lib/gcc/x86_64-pc-linux-gnu/16.1.1/plugin/include/obstack-utils.h
./usr/lib/gcc/x86_64-pc-linux-gnu/16.1.1/plugin/include/ipa-fnsummary.h
./usr/lib/gcc/x86_64-pc-linux-gnu/16.1.1/plugin/include/function.h
./usr/lib/gcc/x86_64-pc-linux-gnu/16.1.1/plugin/include/color-macros.h
./usr/lib/gcc/x86_64-pc-linux-gnu/16.1.1/plugin/include/lto-compress.h
./usr/lib/gcc/x86_64-pc-linux-gnu/16.1.1/plugin/include/real.h
./usr/lib/gcc/x86_64-pc-linux-gnu/16.1.1/plugin/include/gengtype.h
./usr/lib/gcc/x86_64-pc-linux-gnu/16.1.1/plugin/include/gimple-ssa.h
./usr/lib/gcc/x86_64-pc-linux-gnu/16.1.1/plugin/include/tree-pretty-print-markup.h
./usr/lib/gcc/x86_64-pc-linux-gnu/16.1.1/plugin/include/collect2-aix.h
./usr/lib/gcc/x86_64-pc-linux-gnu/16.1.1/plugin/include/tree-switch-conversion.h
./usr/lib/gcc/x86_64-pc-linux-gnu/16.1.1/plugin/include/insn-codes.h
./usr/lib/gcc/x86_64-pc-linux-gnu/16.1.1/plugin/include/cfg.h
./usr/lib/gcc/x86_64-pc-linux-gnu/16.1.1/plugin/include/tree-ssa-threadupdate.h
./usr/lib/gcc/x86_64-pc-linux-gnu/16.1.1/plugin/include/builtins.def
./usr/lib/gcc/x86_64-pc-linux-gnu/16.1.1/plugin/include/target-insns.def
./usr/lib/gcc/x86_64-pc-linux-gnu/16.1.1/plugin/include/ctfc.h
./usr/lib/gcc/x86_64-pc-linux-gnu/16.1.1/plugin/include/bb-reorder.h
./usr/lib/gcc/x86_64-pc-linux-gnu/16.1.1/plugin/include/pretty-print.h
./usr/lib/gcc/x86_64-pc-linux-gnu/16.1.1/plugin/include/tm_p.h
./usr/lib/gcc/x86_64-pc-linux-gnu/16.1.1/plugin/include/ipa-modref.h
./usr/lib/gcc/x86_64-pc-linux-gnu/16.1.1/plugin/include/insn-notes.def
./usr/lib/gcc/x86_64-pc-linux-gnu/16.1.1/plugin/include/file-find.h
./usr/lib/gcc/x86_64-pc-linux-gnu/16.1.1/plugin/include/dump-context.h
./usr/lib/gcc/x86_64-pc-linux-gnu/16.1.1/plugin/include/ipa-inline.h
./usr/lib/gcc/x86_64-pc-linux-gnu/16.1.1/plugin/include/wide-int-print.h
./usr/lib/gcc/x86_64-pc-linux-gnu/16.1.1/plugin/include/read-md.h
./usr/lib/gcc/x86_64-pc-linux-gnu/16.1.1/plugin/include/convert.h
./usr/lib/gcc/x86_64-pc-linux-gnu/16.1.1/plugin/include/label-text.h
./usr/lib/gcc/x86_64-pc-linux-gnu/16.1.1/plugin/include/tree-ssa-loop-manip.h
./usr/lib/gcc/x86_64-pc-linux-gnu/16.1.1/plugin/include/gcse.h
./usr/lib/gcc/x86_64-pc-linux-gnu/16.1.1/plugin/include/symbol-summary.h
./usr/lib/gcc/x86_64-pc-linux-gnu/16.1.1/plugin/include/wide-int-bitmask.h
./usr/lib/gcc/x86_64-pc-linux-gnu/16.1.1/plugin/include/cfgbuild.h
./usr/lib/gcc/x86_64-pc-linux-gnu/16.1.1/plugin/include/json-parsing.h
./usr/lib/gcc/x86_64-pc-linux-gnu/16.1.1/plugin/include/gimple-range.h
./usr/lib/gcc/x86_64-pc-linux-gnu/16.1.1/plugin/include/symtab-thunks.h
./usr/lib/gcc/x86_64-pc-linux-gnu/16.1.1/plugin/include/xcoff.h
./usr/lib/gcc/x86_64-pc-linux-gnu/16.1.1/plugin/include/gcc-urlifier.h
./usr/lib/gcc/x86_64-pc-linux-gnu/16.1.1/plugin/include/incpath.h
./usr/lib/gcc/x86_64-pc-linux-gnu/16.1.1/plugin/include/options.h
./usr/lib/gcc/x86_64-pc-linux-gnu/16.1.1/plugin/include/gimple-ssa-warn-access.h
./usr/lib/gcc/x86_64-pc-linux-gnu/16.1.1/plugin/include/gimple-low.h
./usr/lib/gcc/x86_64-pc-linux-gnu/16.1.1/plugin/include/libsarifreplay.h
./usr/lib/gcc/x86_64-pc-linux-gnu/16.1.1/plugin/include/is-a.h
./usr/lib/gcc/x86_64-pc-linux-gnu/16.1.1/plugin/include/value-prof.h
./usr/lib/gcc/x86_64-pc-linux-gnu/16.1.1/plugin/include/tree-vrp.h
./usr/lib/gcc/x86_64-pc-linux-gnu/16.1.1/plugin/include/regs.h
./usr/lib/gcc/x86_64-pc-linux-gnu/16.1.1/plugin/include/typeclass.h
./usr/lib/gcc/x86_64-pc-linux-gnu/16.1.1/plugin/include/value-range-storage.h
./usr/lib/gcc/x86_64-pc-linux-gnu/16.1.1/plugin/include/vr-values.h
./usr/lib/gcc/x86_64-pc-linux-gnu/16.1.1/plugin/include/mode-classes.def
./usr/lib/gcc/x86_64-pc-linux-gnu/16.1.1/plugin/include/shrink-wrap.h
./usr/lib/gcc/x86_64-pc-linux-gnu/16.1.1/plugin/include/poly-int-types.h
./usr/lib/gcc/x86_64-pc-linux-gnu/16.1.1/plugin/include/gimple-match.h
./usr/lib/gcc/x86_64-pc-linux-gnu/16.1.1/plugin/include/ipa-cp.h
./usr/lib/gcc/x86_64-pc-linux-gnu/16.1.1/plugin/include/rtl-ssa.h
./usr/lib/gcc/x86_64-pc-linux-gnu/16.1.1/plugin/include/symtab-clones.h
./usr/lib/gcc/x86_64-pc-linux-gnu/16.1.1/plugin/include/sel-sched-ir.h
./usr/lib/gcc/x86_64-pc-linux-gnu/16.1.1/plugin/include/insn-attr-common.h
./usr/lib/gcc/x86_64-pc-linux-gnu/16.1.1/plugin/include/tree-ssa-sccvn.h
./usr/lib/gcc/x86_64-pc-linux-gnu/16.1.1/plugin/include/target-def.h
./usr/lib/gcc/x86_64-pc-linux-gnu/16.1.1/plugin/include/tree-ssa-address.h
./usr/lib/gcc/x86_64-pc-linux-gnu/16.1.1/plugin/include/gimple-range-phi.h
./usr/lib/gcc/x86_64-pc-linux-gnu/16.1.1/plugin/include/pointer-query.h
./usr/lib/gcc/x86_64-pc-linux-gnu/16.1.1/plugin/include/auto-obstack.h
./usr/lib/gcc/x86_64-pc-linux-gnu/16.1.1/plugin/include/hard-reg-set.h
./usr/lib/gcc/x86_64-pc-linux-gnu/16.1.1/plugin/include/ipa-locality-cloning.h
./usr/lib/gcc/x86_64-pc-linux-gnu/16.1.1/plugin/include/tree.def
./usr/lib/gcc/x86_64-pc-linux-gnu/16.1.1/plugin/include/align.h
./usr/lib/gcc/x86_64-pc-linux-gnu/16.1.1/plugin/include/optabs-query.h
./usr/lib/gcc/x86_64-pc-linux-gnu/16.1.1/plugin/include/lazily-created.h
./usr/lib/gcc/x86_64-pc-linux-gnu/16.1.1/plugin/include/omp-low.h
./usr/lib/gcc/x86_64-pc-linux-gnu/16.1.1/plugin/include/print-tree.h
./usr/lib/gcc/x86_64-pc-linux-gnu/16.1.1/plugin/include/print-rtl.h
./usr/lib/gcc/x86_64-pc-linux-gnu/16.1.1/plugin/include/hash-table.h
./usr/lib/gcc/x86_64-pc-linux-gnu/16.1.1/plugin/include/insn-flags.h
./usr/lib/gcc/x86_64-pc-linux-gnu/16.1.1/plugin/include/cp
./usr/lib/gcc/x86_64-pc-linux-gnu/16.1.1/plugin/include/cp/contracts.h
./usr/lib/gcc/x86_64-pc-linux-gnu/16.1.1/plugin/include/cp/cp-tree.h
./usr/lib/gcc/x86_64-pc-linux-gnu/16.1.1/plugin/include/cp/cp-tree.def
./usr/lib/gcc/x86_64-pc-linux-gnu/16.1.1/plugin/include/cp/operators.def
./usr/lib/gcc/x86_64-pc-linux-gnu/16.1.1/plugin/include/cp/cp-trait.def
./usr/lib/gcc/x86_64-pc-linux-gnu/16.1.1/plugin/include/cp/name-lookup.h
./usr/lib/gcc/x86_64-pc-linux-gnu/16.1.1/plugin/include/cp/cxx-pretty-print.h
./usr/lib/gcc/x86_64-pc-linux-gnu/16.1.1/plugin/include/cp/type-utils.h
./usr/lib/gcc/x86_64-pc-linux-gnu/16.1.1/plugin/include/dwarf2out.h
./usr/lib/gcc/x86_64-pc-linux-gnu/16.1.1/plugin/include/json-diagnostic.h
./usr/lib/gcc/x86_64-pc-linux-gnu/16.1.1/plugin/include/tracer.h
./usr/lib/gcc/x86_64-pc-linux-gnu/16.1.1/plugin/include/ipa-icf.h
./usr/lib/gcc/x86_64-pc-linux-gnu/16.1.1/plugin/include/value-range.h
./usr/lib/gcc/x86_64-pc-linux-gnu/16.1.1/plugin/include/json.h
./usr/lib/gcc/x86_64-pc-linux-gnu/16.1.1/plugin/include/plugin-version.h
./usr/lib/gcc/x86_64-pc-linux-gnu/16.1.1/plugin/include/dwarf2codeview.h
./usr/lib/gcc/x86_64-pc-linux-gnu/16.1.1/plugin/include/fibonacci_heap.h
./usr/lib/gcc/x86_64-pc-linux-gnu/16.1.1/plugin/include/lcm.h
./usr/lib/gcc/x86_64-pc-linux-gnu/16.1.1/plugin/include/hash-set.h
./usr/lib/gcc/x86_64-pc-linux-gnu/16.1.1/plugin/include/debug.h
./usr/lib/gcc/x86_64-pc-linux-gnu/16.1.1/plugin/include/opts-diagnostic.h
./usr/lib/gcc/x86_64-pc-linux-gnu/16.1.1/plugin/include/resource.h
./usr/lib/gcc/x86_64-pc-linux-gnu/16.1.1/plugin/include/cfgloopmanip.h
./usr/lib/gcc/x86_64-pc-linux-gnu/16.1.1/plugin/include/dce.h
./usr/lib/gcc/x86_64-pc-linux-gnu/16.1.1/plugin/include/opts-jobserver.h
./usr/lib/gcc/x86_64-pc-linux-gnu/16.1.1/plugin/include/libgdiagnostics-private.h
./usr/lib/gcc/x86_64-pc-linux-gnu/16.1.1/plugin/include/gimple-range-path.h
./usr/lib/gcc/x86_64-pc-linux-gnu/16.1.1/plugin/include/collect-utils.h
./usr/lib/gcc/x86_64-pc-linux-gnu/16.1.1/plugin/include/tree-hash-traits.h
./usr/lib/gcc/x86_64-pc-linux-gnu/16.1.1/plugin/include/tree-dfa.h
./usr/lib/gcc/x86_64-pc-linux-gnu/16.1.1/plugin/include/gimple.h
./usr/lib/gcc/x86_64-pc-linux-gnu/16.1.1/plugin/include/tree-ssa-scopedtables.h
./usr/lib/gcc/x86_64-pc-linux-gnu/16.1.1/plugin/include/optabs.h
./usr/lib/gcc/x86_64-pc-linux-gnu/16.1.1/plugin/include/tree-stdarg.h
./usr/lib/gcc/x86_64-pc-linux-gnu/16.1.1/plugin/include/gimple-predicate-analysis.h
./usr/lib/gcc/x86_64-pc-linux-gnu/16.1.1/plugin/include/dumpfile.h
./usr/lib/gcc/x86_64-pc-linux-gnu/16.1.1/plugin/include/tsystem.h
./usr/lib/gcc/x86_64-pc-linux-gnu/16.1.1/plugin/include/gcc-plugin.h
./usr/lib/gcc/x86_64-pc-linux-gnu/16.1.1/plugin/include/c-tree.h
./usr/lib/gcc/x86_64-pc-linux-gnu/16.1.1/plugin/include/simple-diagnostic-path.h
./usr/lib/gcc/x86_64-pc-linux-gnu/16.1.1/plugin/include/config
./usr/lib/gcc/x86_64-pc-linux-gnu/16.1.1/plugin/include/config/linux.h
./usr/lib/gcc/x86_64-pc-linux-gnu/16.1.1/plugin/include/config/vxworks-dummy.h
./usr/lib/gcc/x86_64-pc-linux-gnu/16.1.1/plugin/include/config/i386
./usr/lib/gcc/x86_64-pc-linux-gnu/16.1.1/plugin/include/config/i386/unix.h
./usr/lib/gcc/x86_64-pc-linux-gnu/16.1.1/plugin/include/config/i386/x86-64.h
./usr/lib/gcc/x86_64-pc-linux-gnu/16.1.1/plugin/include/config/i386/biarch64.h
./usr/lib/gcc/x86_64-pc-linux-gnu/16.1.1/plugin/include/config/i386/linux64.h
./usr/lib/gcc/x86_64-pc-linux-gnu/16.1.1/plugin/include/config/i386/linux-common.h
./usr/lib/gcc/x86_64-pc-linux-gnu/16.1.1/plugin/include/config/i386/i386.h
./usr/lib/gcc/x86_64-pc-linux-gnu/16.1.1/plugin/include/config/i386/att.h
./usr/lib/gcc/x86_64-pc-linux-gnu/16.1.1/plugin/include/config/i386/gnu-user64.h
./usr/lib/gcc/x86_64-pc-linux-gnu/16.1.1/plugin/include/config/i386/i386-isa.def
./usr/lib/gcc/x86_64-pc-linux-gnu/16.1.1/plugin/include/config/i386/stringop.def
./usr/lib/gcc/x86_64-pc-linux-gnu/16.1.1/plugin/include/config/i386/gnu-user-common.h
./usr/lib/gcc/x86_64-pc-linux-gnu/16.1.1/plugin/include/config/i386/i386-protos.h
./usr/lib/gcc/x86_64-pc-linux-gnu/16.1.1/plugin/include/config/i386/x86-tune.def
./usr/lib/gcc/x86_64-pc-linux-gnu/16.1.1/plugin/include/config/i386/i386-opts.h
./usr/lib/gcc/x86_64-pc-linux-gnu/16.1.1/plugin/include/config/elfos.h
./usr/lib/gcc/x86_64-pc-linux-gnu/16.1.1/plugin/include/config/linux-android.h
./usr/lib/gcc/x86_64-pc-linux-gnu/16.1.1/plugin/include/config/gnu-user.h
./usr/lib/gcc/x86_64-pc-linux-gnu/16.1.1/plugin/include/config/glibc-stdint.h
./usr/lib/gcc/x86_64-pc-linux-gnu/16.1.1/plugin/include/config/initfini-array.h
./usr/lib/gcc/x86_64-pc-linux-gnu/16.1.1/plugin/include/config/linux-protos.h
./usr/lib/gcc/x86_64-pc-linux-gnu/16.1.1/plugin/include/streamer-hooks.h
./usr/lib/gcc/x86_64-pc-linux-gnu/16.1.1/plugin/include/pretty-print-markup.h
./usr/lib/gcc/x86_64-pc-linux-gnu/16.1.1/plugin/include/expmed.h
./usr/lib/gcc/x86_64-pc-linux-gnu/16.1.1/plugin/include/cppdefault.h
./usr/lib/gcc/x86_64-pc-linux-gnu/16.1.1/plugin/include/ipa-icf-gimple.h
./usr/lib/gcc/x86_64-pc-linux-gnu/16.1.1/plugin/include/insn-addr.h
./usr/lib/gcc/x86_64-pc-linux-gnu/16.1.1/plugin/include/value-relation.h
./usr/lib/gcc/x86_64-pc-linux-gnu/16.1.1/plugin/include/signop.h
./usr/lib/gcc/x86_64-pc-linux-gnu/16.1.1/plugin/include/machmode.h
./usr/lib/gcc/x86_64-pc-linux-gnu/16.1.1/plugin/include/tree-ssa-loop-niter.h
./usr/lib/gcc/x86_64-pc-linux-gnu/16.1.1/plugin/include/gimple-range-edge.h
./usr/lib/gcc/x86_64-pc-linux-gnu/16.1.1/plugin/include/optabs-tree.h
./usr/lib/gcc/x86_64-pc-linux-gnu/16.1.1/plugin/include/cgraph.h
./usr/lib/gcc/x86_64-pc-linux-gnu/16.1.1/plugin/include/tree-into-ssa.h
./usr/lib/gcc/x86_64-pc-linux-gnu/16.1.1/plugin/include/flags.h
./usr/lib/gcc/x86_64-pc-linux-gnu/16.1.1/plugin/include/omp-offload.h
./usr/lib/gcc/x86_64-pc-linux-gnu/16.1.1/plugin/include/tree-phinodes.h
./usr/lib/gcc/x86_64-pc-linux-gnu/16.1.1/plugin/include/predict.def
./usr/lib/gcc/x86_64-pc-linux-gnu/16.1.1/plugin/include/gimple-range-infer.h
./usr/lib/gcc/x86_64-pc-linux-gnu/16.1.1/plugin/include/langhooks-def.h
./usr/lib/gcc/x86_64-pc-linux-gnu/16.1.1/plugin/include/filenames.h
./usr/lib/gcc/x86_64-pc-linux-gnu/16.1.1/plugin/include/tree-chrec.h
./usr/lib/gcc/x86_64-pc-linux-gnu/16.1.1/plugin/include/ggc.h
./usr/lib/gcc/x86_64-pc-linux-gnu/16.1.1/plugin/include/omp-expand.h
./usr/lib/gcc/x86_64-pc-linux-gnu/16.1.1/plugin/include/diagnostic.h
./usr/lib/gcc/x86_64-pc-linux-gnu/16.1.1/plugin/include/sched-int.h
./usr/lib/gcc/x86_64-pc-linux-gnu/16.1.1/plugin/include/genrtl.h
./usr/lib/gcc/x86_64-pc-linux-gnu/16.1.1/plugin/include/tree-ssa-live.h
./usr/lib/gcc/x86_64-pc-linux-gnu/16.1.1/plugin/include/reload.h
./usr/lib/gcc/x86_64-pc-linux-gnu/16.1.1/plugin/include/data-streamer.h
./usr/lib/gcc/x86_64-pc-linux-gnu/16.1.1/plugin/include/gimple-range-trace.h
./usr/lib/gcc/x86_64-pc-linux-gnu/16.1.1/plugin/include/sanitizer.def
./usr/lib/gcc/x86_64-pc-linux-gnu/16.1.1/plugin/include/gimple-builder.h
./usr/lib/gcc/x86_64-pc-linux-gnu/16.1.1/plugin/include/tree-ssa-dse.h
./usr/lib/gcc/x86_64-pc-linux-gnu/16.1.1/plugin/include/selftest-xml.h
./usr/lib/gcc/x86_64-pc-linux-gnu/16.1.1/plugin/include/symtab.h
./usr/lib/gcc/x86_64-pc-linux-gnu/16.1.1/plugin/include/plugin.def
./usr/lib/gcc/x86_64-pc-linux-gnu/16.1.1/plugin/include/trans-mem.h
./usr/lib/gcc/x86_64-pc-linux-gnu/16.1.1/plugin/include/mem-stats-traits.h
./usr/lib/gcc/x86_64-pc-linux-gnu/16.1.1/plugin/include/rtlhooks-def.h
./usr/lib/gcc/x86_64-pc-linux-gnu/16.1.1/plugin/include/regset.h
./usr/lib/gcc/x86_64-pc-linux-gnu/16.1.1/plugin/include/bbitmap.h
./usr/lib/gcc/x86_64-pc-linux-gnu/16.1.1/plugin/include/hash-map-traits.h
./usr/lib/gcc/x86_64-pc-linux-gnu/16.1.1/plugin/include/opt-suggestions.h
./usr/lib/gcc/x86_64-pc-linux-gnu/16.1.1/plugin/include/b-header-vars
./usr/lib/gcc/x86_64-pc-linux-gnu/16.1.1/plugin/include/auto-profile.h
./usr/lib/gcc/x86_64-pc-linux-gnu/16.1.1/plugin/include/tree-logical-location.h
./usr/lib/gcc/x86_64-pc-linux-gnu/16.1.1/plugin/include/gimple-ssa-warn-restrict.h
./usr/lib/gcc/x86_64-pc-linux-gnu/16.1.1/plugin/include/ggc-internal.h
./usr/lib/gcc/x86_64-pc-linux-gnu/16.1.1/plugin/include/c
./usr/lib/gcc/x86_64-pc-linux-gnu/16.1.1/plugin/include/c/c-tree.def
./usr/lib/gcc/x86_64-pc-linux-gnu/16.1.1/plugin/include/builtin-attrs.def
./usr/lib/gcc/x86_64-pc-linux-gnu/16.1.1/plugin/include/graphite.h
./usr/lib/gcc/x86_64-pc-linux-gnu/16.1.1/plugin/include/highlev-plugin-common.h
./usr/lib/gcc/x86_64-pc-linux-gnu/16.1.1/plugin/include/attribs.h
./usr/lib/gcc/x86_64-pc-linux-gnu/16.1.1/plugin/include/internal-fn.def
./usr/lib/gcc/x86_64-pc-linux-gnu/16.1.1/plugin/include/analyzer
./usr/lib/gcc/x86_64-pc-linux-gnu/16.1.1/plugin/include/analyzer/supergraph-manipulation.h
./usr/lib/gcc/x86_64-pc-linux-gnu/16.1.1/plugin/include/analyzer/checker-path.h
./usr/lib/gcc/x86_64-pc-linux-gnu/16.1.1/plugin/include/analyzer/complexity.h
./usr/lib/gcc/x86_64-pc-linux-gnu/16.1.1/plugin/include/analyzer/inlining-iterator.h
./usr/lib/gcc/x86_64-pc-linux-gnu/16.1.1/plugin/include/analyzer/trimmed-graph.h
./usr/lib/gcc/x86_64-pc-linux-gnu/16.1.1/plugin/include/analyzer/diagnostic-manager.h
./usr/lib/gcc/x86_64-pc-linux-gnu/16.1.1/plugin/include/analyzer/checker-event.h
./usr/lib/gcc/x86_64-pc-linux-gnu/16.1.1/plugin/include/analyzer/access-diagram.h
./usr/lib/gcc/x86_64-pc-linux-gnu/16.1.1/plugin/include/analyzer/record-layout.h
./usr/lib/gcc/x86_64-pc-linux-gnu/16.1.1/plugin/include/analyzer/function-set.h
./usr/lib/gcc/x86_64-pc-linux-gnu/16.1.1/plugin/include/analyzer/call-info.h
./usr/lib/gcc/x86_64-pc-linux-gnu/16.1.1/plugin/include/analyzer/call-details.h
./usr/lib/gcc/x86_64-pc-linux-gnu/16.1.1/plugin/include/analyzer/program-point.h
./usr/lib/gcc/x86_64-pc-linux-gnu/16.1.1/plugin/include/analyzer/ops.h
./usr/lib/gcc/x86_64-pc-linux-gnu/16.1.1/plugin/include/analyzer/reachability.h
./usr/lib/gcc/x86_64-pc-linux-gnu/16.1.1/plugin/include/analyzer/impl-sm-context.h
./usr/lib/gcc/x86_64-pc-linux-gnu/16.1.1/plugin/include/analyzer/event-loc-info.h
./usr/lib/gcc/x86_64-pc-linux-gnu/16.1.1/plugin/include/analyzer/exploded-graph.h
./usr/lib/gcc/x86_64-pc-linux-gnu/16.1.1/plugin/include/analyzer/pending-diagnostic.h
./usr/lib/gcc/x86_64-pc-linux-gnu/16.1.1/plugin/include/analyzer/ranges.h
./usr/lib/gcc/x86_64-pc-linux-gnu/16.1.1/plugin/include/analyzer/symbol.h
./usr/lib/gcc/x86_64-pc-linux-gnu/16.1.1/plugin/include/analyzer/constraint-manager.h
./usr/lib/gcc/x86_64-pc-linux-gnu/16.1.1/plugin/include/analyzer/analyzer-language.h
./usr/lib/gcc/x86_64-pc-linux-gnu/16.1.1/plugin/include/analyzer/store.h
./usr/lib/gcc/x86_64-pc-linux-gnu/16.1.1/plugin/include/analyzer/bar-chart.h
./usr/lib/gcc/x86_64-pc-linux-gnu/16.1.1/plugin/include/analyzer/program-state.h
./usr/lib/gcc/x86_64-pc-linux-gnu/16.1.1/plugin/include/analyzer/region-model-reachability.h
./usr/lib/gcc/x86_64-pc-linux-gnu/16.1.1/plugin/include/analyzer/common.h
./usr/lib/gcc/x86_64-pc-linux-gnu/16.1.1/plugin/include/analyzer/ana-state-to-diagnostic-state.h
./usr/lib/gcc/x86_64-pc-linux-gnu/16.1.1/plugin/include/analyzer/svalue.h
./usr/lib/gcc/x86_64-pc-linux-gnu/16.1.1/plugin/include/analyzer/engine.h
./usr/lib/gcc/x86_64-pc-linux-gnu/16.1.1/plugin/include/analyzer/state-purge.h
./usr/lib/gcc/x86_64-pc-linux-gnu/16.1.1/plugin/include/analyzer/call-string.h
./usr/lib/gcc/x86_64-pc-linux-gnu/16.1.1/plugin/include/analyzer/analyzer-selftests.h
./usr/lib/gcc/x86_64-pc-linux-gnu/16.1.1/plugin/include/analyzer/analysis-plan.h
./usr/lib/gcc/x86_64-pc-linux-gnu/16.1.1/plugin/include/analyzer/region-model-manager.h
./usr/lib/gcc/x86_64-pc-linux-gnu/16.1.1/plugin/include/analyzer/region-model.h
./usr/lib/gcc/x86_64-pc-linux-gnu/16.1.1/plugin/include/analyzer/call-summary.h
./usr/lib/gcc/x86_64-pc-linux-gnu/16.1.1/plugin/include/analyzer/supergraph.h
./usr/lib/gcc/x86_64-pc-linux-gnu/16.1.1/plugin/include/analyzer/feasible-graph.h
./usr/lib/gcc/x86_64-pc-linux-gnu/16.1.1/plugin/include/analyzer/known-function-manager.h
./usr/lib/gcc/x86_64-pc-linux-gnu/16.1.1/plugin/include/analyzer/sm.h
./usr/lib/gcc/x86_64-pc-linux-gnu/16.1.1/plugin/include/analyzer/analyzer-logging.h
./usr/lib/gcc/x86_64-pc-linux-gnu/16.1.1/plugin/include/analyzer/region.h
./usr/lib/gcc/x86_64-pc-linux-gnu/16.1.1/plugin/include/hashtab.h
./usr/lib/gcc/x86_64-pc-linux-gnu/16.1.1/plugin/include/pta-andersen.h
./usr/lib/gcc/x86_64-pc-linux-gnu/16.1.1/plugin/include/df.h
./usr/lib/gcc/x86_64-pc-linux-gnu/16.1.1/plugin/include/collect2.h
./usr/lib/gcc/x86_64-pc-linux-gnu/16.1.1/plugin/include/libgdiagnostics.h
./usr/lib/gcc/x86_64-pc-linux-gnu/16.1.1/plugin/include/read-rtl-function.h
./usr/lib/gcc/x86_64-pc-linux-gnu/16.1.1/plugin/include/dwarf2ctf.h
./usr/lib/gcc/x86_64-pc-linux-gnu/16.1.1/plugin/include/limity.h
./usr/lib/gcc/x86_64-pc-linux-gnu/16.1.1/plugin/include/dbgcnt.def
./usr/lib/gcc/x86_64-pc-linux-gnu/16.1.1/plugin/include/tree-ssa-strlen.h
./usr/lib/gcc/x86_64-pc-linux-gnu/16.1.1/plugin/include/typed-splay-tree.h
./usr/lib/gcc/x86_64-pc-linux-gnu/16.1.1/plugin/include/plugin-api.h
./usr/lib/gcc/x86_64-pc-linux-gnu/16.1.1/plugin/include/gimple-streamer.h
./usr/lib/gcc/x86_64-pc-linux-gnu/16.1.1/plugin/include/selftest-tree.h
./usr/lib/gcc/x86_64-pc-linux-gnu/16.1.1/plugin/include/hash-traits.h
./usr/lib/gcc/x86_64-pc-linux-gnu/16.1.1/plugin/include/ipa-predicate.h
./usr/lib/gcc/x86_64-pc-linux-gnu/16.1.1/plugin/include/md5.h
./usr/lib/gcc/x86_64-pc-linux-gnu/16.1.1/plugin/include/obstack.h
./usr/lib/gcc/x86_64-pc-linux-gnu/16.1.1/plugin/include/omp-selectors.h
./usr/lib/gcc/x86_64-pc-linux-gnu/16.1.1/plugin/include/tree-nested.h
./usr/lib/gcc/x86_64-pc-linux-gnu/16.1.1/plugin/include/tree-ssa-structalias.h
./usr/lib/gcc/x86_64-pc-linux-gnu/16.1.1/plugin/include/insn-modes.h
./usr/lib/gcc/x86_64-pc-linux-gnu/16.1.1/plugin/include/vmsdbg.h
./usr/lib/gcc/x86_64-pc-linux-gnu/16.1.1/plugin/include/tree-ssa-operands.h
./usr/lib/gcc/x86_64-pc-linux-gnu/16.1.1/plugin/include/graphviz.h
./usr/lib/gcc/x86_64-pc-linux-gnu/16.1.1/plugin/include/passes.def
./usr/lib/gcc/x86_64-pc-linux-gnu/16.1.1/plugin/include/tree-ssa-loop-ivopts.h
./usr/lib/gcc/x86_64-pc-linux-gnu/16.1.1/plugin/include/hooks.h
./usr/lib/gcc/x86_64-pc-linux-gnu/16.1.1/plugin/include/sreal.h
./usr/lib/gcc/x86_64-pc-linux-gnu/16.1.1/plugin/include/langhooks.h
./usr/lib/gcc/x86_64-pc-linux-gnu/16.1.1/plugin/include/cselib.h
./usr/lib/gcc/x86_64-pc-linux-gnu/16.1.1/plugin/include/int-vector-builder.h
./usr/lib/gcc/x86_64-pc-linux-gnu/16.1.1/plugin/include/vec-perm-indices.h
./usr/lib/gcc/x86_64-pc-linux-gnu/16.1.1/plugin/include/gimple-pretty-print.h
./usr/lib/gcc/x86_64-pc-linux-gnu/16.1.1/plugin/include/sbitmap.h
./usr/lib/gcc/x86_64-pc-linux-gnu/16.1.1/plugin/include/digraph.h
./usr/lib/gcc/x86_64-pc-linux-gnu/16.1.1/plugin/include/cfgexpand.h
./usr/lib/gcc/x86_64-pc-linux-gnu/16.1.1/plugin/include/intl.h
./usr/lib/gcc/x86_64-pc-linux-gnu/16.1.1/plugin/gtype.state
./usr/lib/gcc/x86_64-pc-linux-gnu/16.1.1/plugin/m2rte.so
./usr/lib/gcc/x86_64-pc-linux-gnu/16.1.1/plugin/libcc1plugin.so.0.0.0
./usr/lib/gcc/x86_64-pc-linux-gnu/16.1.1/plugin/libcp1plugin.so
./usr/lib/gcc/x86_64-pc-linux-gnu/16.1.1/plugin/libcp1plugin.so.0.0.0
./usr/lib/gcc/x86_64-pc-linux-gnu/16.1.1/lto-wrapper
./usr/lib/gcc/x86_64-pc-linux-gnu/16.1.1/crtbegin.o
./usr/lib/gcc/x86_64-pc-linux-gnu/16.1.1/crtprec80.o
./usr/lib/gcc/x86_64-pc-linux-gnu/16.1.1/liblto_plugin.so
./usr/lib/gcc/x86_64-pc-linux-gnu/16.1.1/libgcc_eh.a
./lib
./tmp
395014 blocks
[+] Initrd created: /home/dean/projects/linux-kernel-internals/kvm-host-repo/initrd_builder/build/initrd.img
[+] Size: 73M
[+] Usage: sudo ./build/kvm-host -k <kernel_image> -i /home/dean/projects/linux-kernel-internals/kvm-host-repo/initrd_builder/build/initrd.img -d <rootfs>
